// Jest Snapshot v1, https://goo.gl/fbAQLP

exports[`Renders List demo correctly 1`] = `
<div>
  <div>
    <div
      class="am-list my-list"
    >
      <div
        class="am-list-header"
      >
        Basic Style
      </div>
      <div
        class="am-list-body"
      >
        <div
          class="am-list-item am-list-item-middle"
        >
          <div
            class="am-list-line"
          >
            <div
              class="am-list-content"
            >
              Title
            </div>
            <div
              class="am-list-extra"
            >
              extra content
            </div>
          </div>
          <div
            class="am-list-ripple"
            style="display:none"
          />
        </div>
      </div>
    </div>
  </div>
</div>
`;
