// Jest Snapshot v1, https://goo.gl/fbAQLP

exports[`Renders ActionSheet demo correctly 1`] = `
<div>
  <div
    class="components-actionSheet-demo-basic"
  >
    <a
      aria-disabled="false"
      class="fm-button fm-button-primary"
      role="button"
    >
      <span>
        基础用法
      </span>
    </a>
  </div>
  <div
    class="components-actionSheet-demo-basic"
  >
    <a
      aria-disabled="false"
      class="fm-button fm-button-primary"
      role="button"
    >
      <span>
        展示分享
      </span>
    </a>
  </div>
</div>
`;
