// Jest Snapshot v1, https://goo.gl/fbAQLP

exports[`Renders Rate demo correctly 1`] = `
<div>
  <div
    class="components-rate-demo"
  >
    <div
      class="demo-title"
    >
      基本用法-五星
    </div>
    <div
      class="fm-rate-readonly"
    >
      <ul
        class="fm-rate components-rate"
        role="radiogroup"
        tabindex="0"
      >
        <li
          class="fm-rate-star fm-rate-star-full"
        >
          <div
            aria-checked="true"
            aria-posinset="1"
            aria-setsize="5"
            role="radio"
            tabindex="0"
          >
            <div
              class="fm-rate-star-first"
            >
              <i
                class="icon iconfont fm-icon fm-icon-star"
                style="font-size:30px"
              />
            </div>
            <div
              class="fm-rate-star-second"
            >
              <i
                class="icon iconfont fm-icon fm-icon-star"
                style="font-size:30px"
              />
            </div>
          </div>
        </li>
        <li
          class="fm-rate-star fm-rate-star-full"
        >
          <div
            aria-checked="true"
            aria-posinset="2"
            aria-setsize="5"
            role="radio"
            tabindex="0"
          >
            <div
              class="fm-rate-star-first"
            >
              <i
                class="icon iconfont fm-icon fm-icon-star"
                style="font-size:30px"
              />
            </div>
            <div
              class="fm-rate-star-second"
            >
              <i
                class="icon iconfont fm-icon fm-icon-star"
                style="font-size:30px"
              />
            </div>
          </div>
        </li>
        <li
          class="fm-rate-star fm-rate-star-zero"
        >
          <div
            aria-checked="false"
            aria-posinset="3"
            aria-setsize="5"
            role="radio"
            tabindex="0"
          >
            <div
              class="fm-rate-star-first"
            >
              <i
                class="icon iconfont fm-icon fm-icon-star"
                style="font-size:30px"
              />
            </div>
            <div
              class="fm-rate-star-second"
            >
              <i
                class="icon iconfont fm-icon fm-icon-star"
                style="font-size:30px"
              />
            </div>
          </div>
        </li>
        <li
          class="fm-rate-star fm-rate-star-zero"
        >
          <div
            aria-checked="false"
            aria-posinset="4"
            aria-setsize="5"
            role="radio"
            tabindex="0"
          >
            <div
              class="fm-rate-star-first"
            >
              <i
                class="icon iconfont fm-icon fm-icon-star"
                style="font-size:30px"
              />
            </div>
            <div
              class="fm-rate-star-second"
            >
              <i
                class="icon iconfont fm-icon fm-icon-star"
                style="font-size:30px"
              />
            </div>
          </div>
        </li>
        <li
          class="fm-rate-star fm-rate-star-zero"
        >
          <div
            aria-checked="false"
            aria-posinset="5"
            aria-setsize="5"
            role="radio"
            tabindex="0"
          >
            <div
              class="fm-rate-star-first"
            >
              <i
                class="icon iconfont fm-icon fm-icon-star"
                style="font-size:30px"
              />
            </div>
            <div
              class="fm-rate-star-second"
            >
              <i
                class="icon iconfont fm-icon fm-icon-star"
                style="font-size:30px"
              />
            </div>
          </div>
        </li>
      </ul>
    </div>
  </div>
  <div
    class="components-rate-demo"
  >
    <div
      class="demo-title"
    >
      半星模式（显示状态）
    </div>
    <div
      class="fm-rate-readonly"
    >
      <ul
        class="fm-rate components-rate"
        role="radiogroup"
        tabindex="0"
      >
        <li
          class="fm-rate-star fm-rate-star-full"
        >
          <div
            aria-checked="true"
            aria-posinset="1"
            aria-setsize="5"
            role="radio"
            tabindex="0"
          >
            <div
              class="fm-rate-star-first"
            >
              <i
                class="icon iconfont fm-icon fm-icon-star"
                style="font-size:30px"
              />
            </div>
            <div
              class="fm-rate-star-second"
            >
              <i
                class="icon iconfont fm-icon fm-icon-star"
                style="font-size:30px"
              />
            </div>
          </div>
        </li>
        <li
          class="fm-rate-star fm-rate-star-full"
        >
          <div
            aria-checked="true"
            aria-posinset="2"
            aria-setsize="5"
            role="radio"
            tabindex="0"
          >
            <div
              class="fm-rate-star-first"
            >
              <i
                class="icon iconfont fm-icon fm-icon-star"
                style="font-size:30px"
              />
            </div>
            <div
              class="fm-rate-star-second"
            >
              <i
                class="icon iconfont fm-icon fm-icon-star"
                style="font-size:30px"
              />
            </div>
          </div>
        </li>
        <li
          class="fm-rate-star fm-rate-star-half fm-rate-star-active"
        >
          <div
            aria-checked="true"
            aria-posinset="3"
            aria-setsize="5"
            role="radio"
            tabindex="0"
          >
            <div
              class="fm-rate-star-first"
            >
              <i
                class="icon iconfont fm-icon fm-icon-star"
                style="font-size:30px"
              />
            </div>
            <div
              class="fm-rate-star-second"
            >
              <i
                class="icon iconfont fm-icon fm-icon-star"
                style="font-size:30px"
              />
            </div>
          </div>
        </li>
        <li
          class="fm-rate-star fm-rate-star-zero"
        >
          <div
            aria-checked="false"
            aria-posinset="4"
            aria-setsize="5"
            role="radio"
            tabindex="0"
          >
            <div
              class="fm-rate-star-first"
            >
              <i
                class="icon iconfont fm-icon fm-icon-star"
                style="font-size:30px"
              />
            </div>
            <div
              class="fm-rate-star-second"
            >
              <i
                class="icon iconfont fm-icon fm-icon-star"
                style="font-size:30px"
              />
            </div>
          </div>
        </li>
        <li
          class="fm-rate-star fm-rate-star-zero"
        >
          <div
            aria-checked="false"
            aria-posinset="5"
            aria-setsize="5"
            role="radio"
            tabindex="0"
          >
            <div
              class="fm-rate-star-first"
            >
              <i
                class="icon iconfont fm-icon fm-icon-star"
                style="font-size:30px"
              />
            </div>
            <div
              class="fm-rate-star-second"
            >
              <i
                class="icon iconfont fm-icon fm-icon-star"
                style="font-size:30px"
              />
            </div>
          </div>
        </li>
      </ul>
    </div>
  </div>
  <div
    class="components-rate-demo"
  >
    <div
      class="demo-title"
    >
      基本用法-三星
    </div>
    <div
      class="fm-rate-readonly"
    >
      <ul
        class="fm-rate components-rate"
        role="radiogroup"
        tabindex="0"
      >
        <li
          class="fm-rate-star fm-rate-star-full"
        >
          <div
            aria-checked="true"
            aria-posinset="1"
            aria-setsize="3"
            role="radio"
            tabindex="0"
          >
            <div
              class="fm-rate-star-first"
            >
              <i
                class="icon iconfont fm-icon fm-icon-star"
                style="font-size:30px"
              />
            </div>
            <div
              class="fm-rate-star-second"
            >
              <i
                class="icon iconfont fm-icon fm-icon-star"
                style="font-size:30px"
              />
            </div>
          </div>
        </li>
        <li
          class="fm-rate-star fm-rate-star-full"
        >
          <div
            aria-checked="true"
            aria-posinset="2"
            aria-setsize="3"
            role="radio"
            tabindex="0"
          >
            <div
              class="fm-rate-star-first"
            >
              <i
                class="icon iconfont fm-icon fm-icon-star"
                style="font-size:30px"
              />
            </div>
            <div
              class="fm-rate-star-second"
            >
              <i
                class="icon iconfont fm-icon fm-icon-star"
                style="font-size:30px"
              />
            </div>
          </div>
        </li>
        <li
          class="fm-rate-star fm-rate-star-zero"
        >
          <div
            aria-checked="false"
            aria-posinset="3"
            aria-setsize="3"
            role="radio"
            tabindex="0"
          >
            <div
              class="fm-rate-star-first"
            >
              <i
                class="icon iconfont fm-icon fm-icon-star"
                style="font-size:30px"
              />
            </div>
            <div
              class="fm-rate-star-second"
            >
              <i
                class="icon iconfont fm-icon fm-icon-star"
                style="font-size:30px"
              />
            </div>
          </div>
        </li>
      </ul>
    </div>
  </div>
  <div
    class="components-rate-demo"
  >
    <div
      class="demo-title"
    >
      点赞/点踩模式
    </div>
    <div
      class="fm-rate-readonly"
    >
      <div
        class="components-rate"
      >
        <span
          style="margin-right:10px"
        >
          <ul
            class="fm-rate"
            role="radiogroup"
            tabindex="0"
          >
            <li
              class="fm-rate-star fm-rate-star-zero"
            >
              <div
                aria-checked="false"
                aria-posinset="1"
                aria-setsize="1"
                role="radio"
                tabindex="0"
              >
                <div
                  class="fm-rate-star-first"
                >
                  <i
                    class="icon iconfont fm-icon fm-icon-like"
                    style="font-size:30px"
                  />
                </div>
                <div
                  class="fm-rate-star-second"
                >
                  <i
                    class="icon iconfont fm-icon fm-icon-like"
                    style="font-size:30px"
                  />
                </div>
              </div>
            </li>
          </ul>
        </span>
        <span
          style="margin-right:10px"
        >
          <ul
            class="fm-rate"
            role="radiogroup"
            tabindex="0"
          >
            <li
              class="fm-rate-star fm-rate-star-zero"
            >
              <div
                aria-checked="false"
                aria-posinset="1"
                aria-setsize="1"
                role="radio"
                tabindex="0"
              >
                <div
                  class="fm-rate-star-first"
                >
                  <i
                    class="icon iconfont fm-icon fm-icon-dislike"
                    style="font-size:30px"
                  />
                </div>
                <div
                  class="fm-rate-star-second"
                >
                  <i
                    class="icon iconfont fm-icon fm-icon-dislike"
                    style="font-size:30px"
                  />
                </div>
              </div>
            </li>
          </ul>
        </span>
      </div>
    </div>
  </div>
  <div
    class="components-rate-demo"
  >
    <div
      class="demo-title"
    >
      自定义形状
    </div>
    <div
      class="fm-rate-readonly"
    >
      <ul
        class="fm-rate components-rate"
        role="radiogroup"
        tabindex="0"
      >
        <li
          class="fm-rate-star fm-rate-star-full"
        >
          <div
            aria-checked="true"
            aria-posinset="1"
            aria-setsize="5"
            role="radio"
            tabindex="0"
          >
            <div
              class="fm-rate-star-first"
            >
              <i
                class="icon iconfont fm-icon fm-icon-dot"
                style="font-size:30px"
              />
            </div>
            <div
              class="fm-rate-star-second"
            >
              <i
                class="icon iconfont fm-icon fm-icon-dot"
                style="font-size:30px"
              />
            </div>
          </div>
        </li>
        <li
          class="fm-rate-star fm-rate-star-full"
        >
          <div
            aria-checked="true"
            aria-posinset="2"
            aria-setsize="5"
            role="radio"
            tabindex="0"
          >
            <div
              class="fm-rate-star-first"
            >
              <i
                class="icon iconfont fm-icon fm-icon-dot"
                style="font-size:30px"
              />
            </div>
            <div
              class="fm-rate-star-second"
            >
              <i
                class="icon iconfont fm-icon fm-icon-dot"
                style="font-size:30px"
              />
            </div>
          </div>
        </li>
        <li
          class="fm-rate-star fm-rate-star-zero"
        >
          <div
            aria-checked="false"
            aria-posinset="3"
            aria-setsize="5"
            role="radio"
            tabindex="0"
          >
            <div
              class="fm-rate-star-first"
            >
              <i
                class="icon iconfont fm-icon fm-icon-dot"
                style="font-size:30px"
              />
            </div>
            <div
              class="fm-rate-star-second"
            >
              <i
                class="icon iconfont fm-icon fm-icon-dot"
                style="font-size:30px"
              />
            </div>
          </div>
        </li>
        <li
          class="fm-rate-star fm-rate-star-zero"
        >
          <div
            aria-checked="false"
            aria-posinset="4"
            aria-setsize="5"
            role="radio"
            tabindex="0"
          >
            <div
              class="fm-rate-star-first"
            >
              <i
                class="icon iconfont fm-icon fm-icon-dot"
                style="font-size:30px"
              />
            </div>
            <div
              class="fm-rate-star-second"
            >
              <i
                class="icon iconfont fm-icon fm-icon-dot"
                style="font-size:30px"
              />
            </div>
          </div>
        </li>
        <li
          class="fm-rate-star fm-rate-star-zero"
        >
          <div
            aria-checked="false"
            aria-posinset="5"
            aria-setsize="5"
            role="radio"
            tabindex="0"
          >
            <div
              class="fm-rate-star-first"
            >
              <i
                class="icon iconfont fm-icon fm-icon-dot"
                style="font-size:30px"
              />
            </div>
            <div
              class="fm-rate-star-second"
            >
              <i
                class="icon iconfont fm-icon fm-icon-dot"
                style="font-size:30px"
              />
            </div>
          </div>
        </li>
      </ul>
    </div>
  </div>
  <div
    class="components-rate-demo"
  >
    <div
      class="demo-title"
    >
      自定义数量
    </div>
    <div
      class="fm-rate-readonly"
    >
      <ul
        class="fm-rate components-rate"
        role="radiogroup"
        tabindex="0"
      >
        <li
          class="fm-rate-star fm-rate-star-full"
        >
          <div
            aria-checked="true"
            aria-posinset="1"
            aria-setsize="6"
            role="radio"
            tabindex="0"
          >
            <div
              class="fm-rate-star-first"
            >
              <i
                class="icon iconfont fm-icon fm-icon-star"
                style="font-size:30px"
              />
            </div>
            <div
              class="fm-rate-star-second"
            >
              <i
                class="icon iconfont fm-icon fm-icon-star"
                style="font-size:30px"
              />
            </div>
          </div>
        </li>
        <li
          class="fm-rate-star fm-rate-star-full"
        >
          <div
            aria-checked="true"
            aria-posinset="2"
            aria-setsize="6"
            role="radio"
            tabindex="0"
          >
            <div
              class="fm-rate-star-first"
            >
              <i
                class="icon iconfont fm-icon fm-icon-star"
                style="font-size:30px"
              />
            </div>
            <div
              class="fm-rate-star-second"
            >
              <i
                class="icon iconfont fm-icon fm-icon-star"
                style="font-size:30px"
              />
            </div>
          </div>
        </li>
        <li
          class="fm-rate-star fm-rate-star-zero"
        >
          <div
            aria-checked="false"
            aria-posinset="3"
            aria-setsize="6"
            role="radio"
            tabindex="0"
          >
            <div
              class="fm-rate-star-first"
            >
              <i
                class="icon iconfont fm-icon fm-icon-star"
                style="font-size:30px"
              />
            </div>
            <div
              class="fm-rate-star-second"
            >
              <i
                class="icon iconfont fm-icon fm-icon-star"
                style="font-size:30px"
              />
            </div>
          </div>
        </li>
        <li
          class="fm-rate-star fm-rate-star-zero"
        >
          <div
            aria-checked="false"
            aria-posinset="4"
            aria-setsize="6"
            role="radio"
            tabindex="0"
          >
            <div
              class="fm-rate-star-first"
            >
              <i
                class="icon iconfont fm-icon fm-icon-star"
                style="font-size:30px"
              />
            </div>
            <div
              class="fm-rate-star-second"
            >
              <i
                class="icon iconfont fm-icon fm-icon-star"
                style="font-size:30px"
              />
            </div>
          </div>
        </li>
        <li
          class="fm-rate-star fm-rate-star-zero"
        >
          <div
            aria-checked="false"
            aria-posinset="5"
            aria-setsize="6"
            role="radio"
            tabindex="0"
          >
            <div
              class="fm-rate-star-first"
            >
              <i
                class="icon iconfont fm-icon fm-icon-star"
                style="font-size:30px"
              />
            </div>
            <div
              class="fm-rate-star-second"
            >
              <i
                class="icon iconfont fm-icon fm-icon-star"
                style="font-size:30px"
              />
            </div>
          </div>
        </li>
        <li
          class="fm-rate-star fm-rate-star-zero"
        >
          <div
            aria-checked="false"
            aria-posinset="6"
            aria-setsize="6"
            role="radio"
            tabindex="0"
          >
            <div
              class="fm-rate-star-first"
            >
              <i
                class="icon iconfont fm-icon fm-icon-star"
                style="font-size:30px"
              />
            </div>
            <div
              class="fm-rate-star-second"
            >
              <i
                class="icon iconfont fm-icon fm-icon-star"
                style="font-size:30px"
              />
            </div>
          </div>
        </li>
      </ul>
    </div>
  </div>
  <div
    class="components-rate-demo"
  >
    <div
      class="demo-title"
    >
      尺寸-中号
    </div>
    <div
      class="fm-rate-readonly"
    >
      <ul
        class="fm-rate components-rate"
        role="radiogroup"
        tabindex="0"
      >
        <li
          class="fm-rate-star fm-rate-star-full"
        >
          <div
            aria-checked="true"
            aria-posinset="1"
            aria-setsize="5"
            role="radio"
            tabindex="0"
          >
            <div
              class="fm-rate-star-first"
            >
              <i
                class="icon iconfont fm-icon fm-icon-star"
                style="font-size:22px"
              />
            </div>
            <div
              class="fm-rate-star-second"
            >
              <i
                class="icon iconfont fm-icon fm-icon-star"
                style="font-size:22px"
              />
            </div>
          </div>
        </li>
        <li
          class="fm-rate-star fm-rate-star-full"
        >
          <div
            aria-checked="true"
            aria-posinset="2"
            aria-setsize="5"
            role="radio"
            tabindex="0"
          >
            <div
              class="fm-rate-star-first"
            >
              <i
                class="icon iconfont fm-icon fm-icon-star"
                style="font-size:22px"
              />
            </div>
            <div
              class="fm-rate-star-second"
            >
              <i
                class="icon iconfont fm-icon fm-icon-star"
                style="font-size:22px"
              />
            </div>
          </div>
        </li>
        <li
          class="fm-rate-star fm-rate-star-zero"
        >
          <div
            aria-checked="false"
            aria-posinset="3"
            aria-setsize="5"
            role="radio"
            tabindex="0"
          >
            <div
              class="fm-rate-star-first"
            >
              <i
                class="icon iconfont fm-icon fm-icon-star"
                style="font-size:22px"
              />
            </div>
            <div
              class="fm-rate-star-second"
            >
              <i
                class="icon iconfont fm-icon fm-icon-star"
                style="font-size:22px"
              />
            </div>
          </div>
        </li>
        <li
          class="fm-rate-star fm-rate-star-zero"
        >
          <div
            aria-checked="false"
            aria-posinset="4"
            aria-setsize="5"
            role="radio"
            tabindex="0"
          >
            <div
              class="fm-rate-star-first"
            >
              <i
                class="icon iconfont fm-icon fm-icon-star"
                style="font-size:22px"
              />
            </div>
            <div
              class="fm-rate-star-second"
            >
              <i
                class="icon iconfont fm-icon fm-icon-star"
                style="font-size:22px"
              />
            </div>
          </div>
        </li>
        <li
          class="fm-rate-star fm-rate-star-zero"
        >
          <div
            aria-checked="false"
            aria-posinset="5"
            aria-setsize="5"
            role="radio"
            tabindex="0"
          >
            <div
              class="fm-rate-star-first"
            >
              <i
                class="icon iconfont fm-icon fm-icon-star"
                style="font-size:22px"
              />
            </div>
            <div
              class="fm-rate-star-second"
            >
              <i
                class="icon iconfont fm-icon fm-icon-star"
                style="font-size:22px"
              />
            </div>
          </div>
        </li>
      </ul>
    </div>
  </div>
  <div
    class="components-rate-demo"
  >
    <div
      class="demo-title"
    >
      尺寸-小号
    </div>
    <div
      class="fm-rate-readonly"
    >
      <ul
        class="fm-rate components-rate"
        role="radiogroup"
        tabindex="0"
      >
        <li
          class="fm-rate-star fm-rate-star-full"
        >
          <div
            aria-checked="true"
            aria-posinset="1"
            aria-setsize="5"
            role="radio"
            tabindex="0"
          >
            <div
              class="fm-rate-star-first"
            >
              <i
                class="icon iconfont fm-icon fm-icon-star"
                style="font-size:15px"
              />
            </div>
            <div
              class="fm-rate-star-second"
            >
              <i
                class="icon iconfont fm-icon fm-icon-star"
                style="font-size:15px"
              />
            </div>
          </div>
        </li>
        <li
          class="fm-rate-star fm-rate-star-full"
        >
          <div
            aria-checked="true"
            aria-posinset="2"
            aria-setsize="5"
            role="radio"
            tabindex="0"
          >
            <div
              class="fm-rate-star-first"
            >
              <i
                class="icon iconfont fm-icon fm-icon-star"
                style="font-size:15px"
              />
            </div>
            <div
              class="fm-rate-star-second"
            >
              <i
                class="icon iconfont fm-icon fm-icon-star"
                style="font-size:15px"
              />
            </div>
          </div>
        </li>
        <li
          class="fm-rate-star fm-rate-star-zero"
        >
          <div
            aria-checked="false"
            aria-posinset="3"
            aria-setsize="5"
            role="radio"
            tabindex="0"
          >
            <div
              class="fm-rate-star-first"
            >
              <i
                class="icon iconfont fm-icon fm-icon-star"
                style="font-size:15px"
              />
            </div>
            <div
              class="fm-rate-star-second"
            >
              <i
                class="icon iconfont fm-icon fm-icon-star"
                style="font-size:15px"
              />
            </div>
          </div>
        </li>
        <li
          class="fm-rate-star fm-rate-star-zero"
        >
          <div
            aria-checked="false"
            aria-posinset="4"
            aria-setsize="5"
            role="radio"
            tabindex="0"
          >
            <div
              class="fm-rate-star-first"
            >
              <i
                class="icon iconfont fm-icon fm-icon-star"
                style="font-size:15px"
              />
            </div>
            <div
              class="fm-rate-star-second"
            >
              <i
                class="icon iconfont fm-icon fm-icon-star"
                style="font-size:15px"
              />
            </div>
          </div>
        </li>
        <li
          class="fm-rate-star fm-rate-star-zero"
        >
          <div
            aria-checked="false"
            aria-posinset="5"
            aria-setsize="5"
            role="radio"
            tabindex="0"
          >
            <div
              class="fm-rate-star-first"
            >
              <i
                class="icon iconfont fm-icon fm-icon-star"
                style="font-size:15px"
              />
            </div>
            <div
              class="fm-rate-star-second"
            >
              <i
                class="icon iconfont fm-icon fm-icon-star"
                style="font-size:15px"
              />
            </div>
          </div>
        </li>
      </ul>
    </div>
  </div>
  <div
    class="components-rate-demo"
  >
    <div
      class="demo-title"
    >
      禁用状态
    </div>
    <div
      class="fm-rate-disable"
    >
      <ul
        class="fm-rate fm-rate-disabled components-rate"
        role="radiogroup"
        tabindex="-1"
      >
        <li
          class="fm-rate-star fm-rate-star-full"
        >
          <div
            aria-checked="true"
            aria-posinset="1"
            aria-setsize="5"
            role="radio"
            tabindex="-1"
          >
            <div
              class="fm-rate-star-first"
            >
              <i
                class="icon iconfont fm-icon fm-icon-star"
                style="font-size:30px"
              />
            </div>
            <div
              class="fm-rate-star-second"
            >
              <i
                class="icon iconfont fm-icon fm-icon-star"
                style="font-size:30px"
              />
            </div>
          </div>
        </li>
        <li
          class="fm-rate-star fm-rate-star-full"
        >
          <div
            aria-checked="true"
            aria-posinset="2"
            aria-setsize="5"
            role="radio"
            tabindex="-1"
          >
            <div
              class="fm-rate-star-first"
            >
              <i
                class="icon iconfont fm-icon fm-icon-star"
                style="font-size:30px"
              />
            </div>
            <div
              class="fm-rate-star-second"
            >
              <i
                class="icon iconfont fm-icon fm-icon-star"
                style="font-size:30px"
              />
            </div>
          </div>
        </li>
        <li
          class="fm-rate-star fm-rate-star-zero"
        >
          <div
            aria-checked="false"
            aria-posinset="3"
            aria-setsize="5"
            role="radio"
            tabindex="-1"
          >
            <div
              class="fm-rate-star-first"
            >
              <i
                class="icon iconfont fm-icon fm-icon-star"
                style="font-size:30px"
              />
            </div>
            <div
              class="fm-rate-star-second"
            >
              <i
                class="icon iconfont fm-icon fm-icon-star"
                style="font-size:30px"
              />
            </div>
          </div>
        </li>
        <li
          class="fm-rate-star fm-rate-star-zero"
        >
          <div
            aria-checked="false"
            aria-posinset="4"
            aria-setsize="5"
            role="radio"
            tabindex="-1"
          >
            <div
              class="fm-rate-star-first"
            >
              <i
                class="icon iconfont fm-icon fm-icon-star"
                style="font-size:30px"
              />
            </div>
            <div
              class="fm-rate-star-second"
            >
              <i
                class="icon iconfont fm-icon fm-icon-star"
                style="font-size:30px"
              />
            </div>
          </div>
        </li>
        <li
          class="fm-rate-star fm-rate-star-zero"
        >
          <div
            aria-checked="false"
            aria-posinset="5"
            aria-setsize="5"
            role="radio"
            tabindex="-1"
          >
            <div
              class="fm-rate-star-first"
            >
              <i
                class="icon iconfont fm-icon fm-icon-star"
                style="font-size:30px"
              />
            </div>
            <div
              class="fm-rate-star-second"
            >
              <i
                class="icon iconfont fm-icon fm-icon-star"
                style="font-size:30px"
              />
            </div>
          </div>
        </li>
      </ul>
    </div>
  </div>
  <div
    class="components-rate-demo"
  >
    <div
      class="demo-title"
    >
      只读状态
    </div>
    <div
      class="fm-rate-readonly"
    >
      <ul
        class="fm-rate fm-rate-disabled components-rate"
        role="radiogroup"
        tabindex="-1"
      >
        <li
          class="fm-rate-star fm-rate-star-full"
        >
          <div
            aria-checked="true"
            aria-posinset="1"
            aria-setsize="5"
            role="radio"
            tabindex="-1"
          >
            <div
              class="fm-rate-star-first"
            >
              <i
                class="icon iconfont fm-icon fm-icon-star"
                style="font-size:30px"
              />
            </div>
            <div
              class="fm-rate-star-second"
            >
              <i
                class="icon iconfont fm-icon fm-icon-star"
                style="font-size:30px"
              />
            </div>
          </div>
        </li>
        <li
          class="fm-rate-star fm-rate-star-full"
        >
          <div
            aria-checked="true"
            aria-posinset="2"
            aria-setsize="5"
            role="radio"
            tabindex="-1"
          >
            <div
              class="fm-rate-star-first"
            >
              <i
                class="icon iconfont fm-icon fm-icon-star"
                style="font-size:30px"
              />
            </div>
            <div
              class="fm-rate-star-second"
            >
              <i
                class="icon iconfont fm-icon fm-icon-star"
                style="font-size:30px"
              />
            </div>
          </div>
        </li>
        <li
          class="fm-rate-star fm-rate-star-zero"
        >
          <div
            aria-checked="false"
            aria-posinset="3"
            aria-setsize="5"
            role="radio"
            tabindex="-1"
          >
            <div
              class="fm-rate-star-first"
            >
              <i
                class="icon iconfont fm-icon fm-icon-star"
                style="font-size:30px"
              />
            </div>
            <div
              class="fm-rate-star-second"
            >
              <i
                class="icon iconfont fm-icon fm-icon-star"
                style="font-size:30px"
              />
            </div>
          </div>
        </li>
        <li
          class="fm-rate-star fm-rate-star-zero"
        >
          <div
            aria-checked="false"
            aria-posinset="4"
            aria-setsize="5"
            role="radio"
            tabindex="-1"
          >
            <div
              class="fm-rate-star-first"
            >
              <i
                class="icon iconfont fm-icon fm-icon-star"
                style="font-size:30px"
              />
            </div>
            <div
              class="fm-rate-star-second"
            >
              <i
                class="icon iconfont fm-icon fm-icon-star"
                style="font-size:30px"
              />
            </div>
          </div>
        </li>
        <li
          class="fm-rate-star fm-rate-star-zero"
        >
          <div
            aria-checked="false"
            aria-posinset="5"
            aria-setsize="5"
            role="radio"
            tabindex="-1"
          >
            <div
              class="fm-rate-star-first"
            >
              <i
                class="icon iconfont fm-icon fm-icon-star"
                style="font-size:30px"
              />
            </div>
            <div
              class="fm-rate-star-second"
            >
              <i
                class="icon iconfont fm-icon fm-icon-star"
                style="font-size:30px"
              />
            </div>
          </div>
        </li>
      </ul>
    </div>
  </div>
  <div
    class="components-rate-demo"
  >
    <div
      class="demo-title"
    >
      变更Toast提示
    </div>
    <div
      class="fm-rate-readonly"
    >
      <ul
        class="fm-rate components-rate"
        role="radiogroup"
        tabindex="0"
      >
        <li
          class="fm-rate-star fm-rate-star-full"
        >
          <div
            aria-checked="true"
            aria-posinset="1"
            aria-setsize="5"
            role="radio"
            tabindex="0"
          >
            <div
              class="fm-rate-star-first"
            >
              <i
                class="icon iconfont fm-icon fm-icon-star"
                style="font-size:30px"
              />
            </div>
            <div
              class="fm-rate-star-second"
            >
              <i
                class="icon iconfont fm-icon fm-icon-star"
                style="font-size:30px"
              />
            </div>
          </div>
        </li>
        <li
          class="fm-rate-star fm-rate-star-full"
        >
          <div
            aria-checked="true"
            aria-posinset="2"
            aria-setsize="5"
            role="radio"
            tabindex="0"
          >
            <div
              class="fm-rate-star-first"
            >
              <i
                class="icon iconfont fm-icon fm-icon-star"
                style="font-size:30px"
              />
            </div>
            <div
              class="fm-rate-star-second"
            >
              <i
                class="icon iconfont fm-icon fm-icon-star"
                style="font-size:30px"
              />
            </div>
          </div>
        </li>
        <li
          class="fm-rate-star fm-rate-star-zero"
        >
          <div
            aria-checked="false"
            aria-posinset="3"
            aria-setsize="5"
            role="radio"
            tabindex="0"
          >
            <div
              class="fm-rate-star-first"
            >
              <i
                class="icon iconfont fm-icon fm-icon-star"
                style="font-size:30px"
              />
            </div>
            <div
              class="fm-rate-star-second"
            >
              <i
                class="icon iconfont fm-icon fm-icon-star"
                style="font-size:30px"
              />
            </div>
          </div>
        </li>
        <li
          class="fm-rate-star fm-rate-star-zero"
        >
          <div
            aria-checked="false"
            aria-posinset="4"
            aria-setsize="5"
            role="radio"
            tabindex="0"
          >
            <div
              class="fm-rate-star-first"
            >
              <i
                class="icon iconfont fm-icon fm-icon-star"
                style="font-size:30px"
              />
            </div>
            <div
              class="fm-rate-star-second"
            >
              <i
                class="icon iconfont fm-icon fm-icon-star"
                style="font-size:30px"
              />
            </div>
          </div>
        </li>
        <li
          class="fm-rate-star fm-rate-star-zero"
        >
          <div
            aria-checked="false"
            aria-posinset="5"
            aria-setsize="5"
            role="radio"
            tabindex="0"
          >
            <div
              class="fm-rate-star-first"
            >
              <i
                class="icon iconfont fm-icon fm-icon-star"
                style="font-size:30px"
              />
            </div>
            <div
              class="fm-rate-star-second"
            >
              <i
                class="icon iconfont fm-icon fm-icon-star"
                style="font-size:30px"
              />
            </div>
          </div>
        </li>
      </ul>
    </div>
  </div>
</div>
`;
