// Jest Snapshot v1, https://goo.gl/fbAQLP

exports[`Renders Overlay demo correctly 1`] = `
<div>
  <div
    class="components-overlay-demo-basic"
  >
    <div
      class="demo-title"
    >
      显示遮罩
    </div>
    <a
      aria-disabled="false"
      class="fm-button fm-button-default fm-button-normal"
      role="button"
    >
      <span>
        显示遮罩
      </span>
    </a>
    <span />
  </div>
  <div
    class="components-overlay-demo-basic"
  >
    <div
      class="demo-title"
    >
      嵌入内容
    </div>
    <a
      aria-disabled="false"
      class="fm-button fm-button-default fm-button-normal"
      role="button"
    >
      <span>
        嵌入内容
      </span>
    </a>
    <span />
  </div>
</div>
`;
