// Jest Snapshot v1, https://goo.gl/fbAQLP

exports[`Renders Checkbox demo correctly 1`] = `
<div>
  <div
    class="components-checkbox-demo-basic"
  >
    <div
      class="sub-title"
    >
      基础样式
    </div>
    <div
      class="fm-list"
    >
      <div
        class="fm-list-body"
      >
        <div
          checked=""
          class="fm-list-item fm-checkbox-item fm-list-item-middle"
        >
          <div
            class="fm-list-thumb"
          >
            <label
              class="fm-checkbox-wrapper"
            >
              <span
                class="fm-checkbox fm-checkbox-checked"
              >
                <input
                  checked=""
                  class="fm-checkbox-input"
                  type="checkbox"
                />
                <span
                  class="fm-checkbox-inner"
                />
              </span>
            </label>
          </div>
          <div
            class="fm-list-line"
          >
            <div
              class="fm-list-content"
            >
              选项一
            </div>
          </div>
          <div
            class="fm-list-ripple"
            style="display:none"
          />
        </div>
        <div
          checked=""
          class="fm-list-item fm-checkbox-item fm-list-item-middle"
        >
          <div
            class="fm-list-thumb"
          >
            <label
              class="fm-checkbox-wrapper"
            >
              <span
                class="fm-checkbox fm-checkbox-checked"
              >
                <input
                  checked=""
                  class="fm-checkbox-input"
                  type="checkbox"
                />
                <span
                  class="fm-checkbox-inner"
                />
              </span>
            </label>
          </div>
          <div
            class="fm-list-line"
          >
            <div
              class="fm-list-content"
            >
              选项二
            </div>
          </div>
          <div
            class="fm-list-ripple"
            style="display:none"
          />
        </div>
        <div
          class="fm-list-item fm-checkbox-item fm-list-item-middle"
        >
          <div
            class="fm-list-thumb"
          >
            <label
              class="fm-checkbox-wrapper"
            >
              <span
                class="fm-checkbox"
              >
                <input
                  class="fm-checkbox-input"
                  type="checkbox"
                />
                <span
                  class="fm-checkbox-inner"
                />
              </span>
            </label>
          </div>
          <div
            class="fm-list-line"
          >
            <div
              class="fm-list-content"
            >
              选项三
            </div>
          </div>
          <div
            class="fm-list-ripple"
            style="display:none"
          />
        </div>
        <div
          class="fm-list-item fm-checkbox-item fm-checkbox-item-disabled fm-list-item-middle"
        >
          <div
            class="fm-list-thumb"
          >
            <label
              class="fm-checkbox-wrapper"
            >
              <span
                class="fm-checkbox fm-checkbox-disabled"
              >
                <input
                  class="fm-checkbox-input"
                  disabled=""
                  type="checkbox"
                />
                <span
                  class="fm-checkbox-inner"
                />
              </span>
            </label>
          </div>
          <div
            class="fm-list-line"
          >
            <div
              class="fm-list-content"
            >
              选项四
            </div>
          </div>
          <div
            class="fm-list-ripple"
            style="display:none"
          />
        </div>
        <div
          checked=""
          class="fm-list-item fm-checkbox-item fm-checkbox-item-disabled fm-list-item-middle"
        >
          <div
            class="fm-list-thumb"
          >
            <label
              class="fm-checkbox-wrapper"
            >
              <span
                class="fm-checkbox fm-checkbox-checked fm-checkbox-disabled"
              >
                <input
                  checked=""
                  class="fm-checkbox-input"
                  disabled=""
                  type="checkbox"
                />
                <span
                  class="fm-checkbox-inner"
                />
              </span>
            </label>
          </div>
          <div
            class="fm-list-line"
          >
            <div
              class="fm-list-content"
            >
              选项五
            </div>
          </div>
          <div
            class="fm-list-ripple"
            style="display:none"
          />
        </div>
      </div>
    </div>
  </div>
  <div
    class="components-checkbox-demo-basic"
  >
    <div
      class="sub-title"
    >
      自定义颜色
    </div>
    <div
      class="fm-list"
    >
      <div
        class="fm-list-body"
      >
        <div
          checked=""
          checkedcolor="#07c160"
          class="fm-list-item fm-checkbox-item fm-list-item-middle"
        >
          <div
            class="fm-list-thumb"
          >
            <label
              class="fm-checkbox-wrapper"
            >
              <span
                class="fm-checkbox fm-checkbox-checked"
              >
                <input
                  checked=""
                  class="fm-checkbox-input"
                  type="checkbox"
                />
                <span
                  class="fm-checkbox-inner"
                  style="background-color:#07c160;border-color:#07c160"
                />
              </span>
            </label>
          </div>
          <div
            class="fm-list-line"
          >
            <div
              class="fm-list-content"
            >
              选项一
            </div>
          </div>
          <div
            class="fm-list-ripple"
            style="display:none"
          />
        </div>
        <div
          checked=""
          checkedcolor="#07c160"
          class="fm-list-item fm-checkbox-item fm-list-item-middle"
        >
          <div
            class="fm-list-thumb"
          >
            <label
              class="fm-checkbox-wrapper"
            >
              <span
                class="fm-checkbox fm-checkbox-checked"
              >
                <input
                  checked=""
                  class="fm-checkbox-input"
                  type="checkbox"
                />
                <span
                  class="fm-checkbox-inner"
                  style="background-color:#07c160;border-color:#07c160"
                />
              </span>
            </label>
          </div>
          <div
            class="fm-list-line"
          >
            <div
              class="fm-list-content"
            >
              选项二
            </div>
          </div>
          <div
            class="fm-list-ripple"
            style="display:none"
          />
        </div>
        <div
          checkedcolor="#07c160"
          class="fm-list-item fm-checkbox-item fm-list-item-middle"
        >
          <div
            class="fm-list-thumb"
          >
            <label
              class="fm-checkbox-wrapper"
            >
              <span
                class="fm-checkbox"
              >
                <input
                  class="fm-checkbox-input"
                  type="checkbox"
                />
                <span
                  class="fm-checkbox-inner"
                />
              </span>
            </label>
          </div>
          <div
            class="fm-list-line"
          >
            <div
              class="fm-list-content"
            >
              选项三
            </div>
          </div>
          <div
            class="fm-list-ripple"
            style="display:none"
          />
        </div>
        <div
          checkedcolor="#07c160"
          class="fm-list-item fm-checkbox-item fm-checkbox-item-disabled fm-list-item-middle"
        >
          <div
            class="fm-list-thumb"
          >
            <label
              class="fm-checkbox-wrapper"
            >
              <span
                class="fm-checkbox fm-checkbox-disabled"
              >
                <input
                  class="fm-checkbox-input"
                  disabled=""
                  type="checkbox"
                />
                <span
                  class="fm-checkbox-inner"
                />
              </span>
            </label>
          </div>
          <div
            class="fm-list-line"
          >
            <div
              class="fm-list-content"
            >
              选项四
            </div>
          </div>
          <div
            class="fm-list-ripple"
            style="display:none"
          />
        </div>
        <div
          checked=""
          checkedcolor="#07c160"
          class="fm-list-item fm-checkbox-item fm-checkbox-item-disabled fm-list-item-middle"
        >
          <div
            class="fm-list-thumb"
          >
            <label
              class="fm-checkbox-wrapper"
            >
              <span
                class="fm-checkbox fm-checkbox-checked fm-checkbox-disabled"
              >
                <input
                  checked=""
                  class="fm-checkbox-input"
                  disabled=""
                  type="checkbox"
                />
                <span
                  class="fm-checkbox-inner"
                />
              </span>
            </label>
          </div>
          <div
            class="fm-list-line"
          >
            <div
              class="fm-list-content"
            >
              选项五
            </div>
          </div>
          <div
            class="fm-list-ripple"
            style="display:none"
          />
        </div>
      </div>
    </div>
  </div>
  <div
    class="components-checkbox-demo-basic"
  >
    <div
      class="sub-title"
    >
      自定义形状
    </div>
    <div
      class="fm-list"
    >
      <div
        class="fm-list-body"
      >
        <div
          checked=""
          class="fm-list-item fm-checkbox-item fm-list-item-middle"
          shape="square"
        >
          <div
            class="fm-list-thumb"
          >
            <label
              class="fm-checkbox-wrapper"
            >
              <span
                class="fm-checkbox fm-checkbox-checked"
              >
                <input
                  checked=""
                  class="fm-checkbox-input"
                  type="checkbox"
                />
                <span
                  class="fm-checkbox-inner"
                  style="border-radius:3px"
                />
              </span>
            </label>
          </div>
          <div
            class="fm-list-line"
          >
            <div
              class="fm-list-content"
            >
              选项一
            </div>
          </div>
          <div
            class="fm-list-ripple"
            style="display:none"
          />
        </div>
        <div
          checked=""
          class="fm-list-item fm-checkbox-item fm-list-item-middle"
          shape="square"
        >
          <div
            class="fm-list-thumb"
          >
            <label
              class="fm-checkbox-wrapper"
            >
              <span
                class="fm-checkbox fm-checkbox-checked"
              >
                <input
                  checked=""
                  class="fm-checkbox-input"
                  type="checkbox"
                />
                <span
                  class="fm-checkbox-inner"
                  style="border-radius:3px"
                />
              </span>
            </label>
          </div>
          <div
            class="fm-list-line"
          >
            <div
              class="fm-list-content"
            >
              选项二
            </div>
          </div>
          <div
            class="fm-list-ripple"
            style="display:none"
          />
        </div>
        <div
          class="fm-list-item fm-checkbox-item fm-list-item-middle"
          shape="square"
        >
          <div
            class="fm-list-thumb"
          >
            <label
              class="fm-checkbox-wrapper"
            >
              <span
                class="fm-checkbox"
              >
                <input
                  class="fm-checkbox-input"
                  type="checkbox"
                />
                <span
                  class="fm-checkbox-inner"
                  style="border-radius:3px"
                />
              </span>
            </label>
          </div>
          <div
            class="fm-list-line"
          >
            <div
              class="fm-list-content"
            >
              选项三
            </div>
          </div>
          <div
            class="fm-list-ripple"
            style="display:none"
          />
        </div>
        <div
          class="fm-list-item fm-checkbox-item fm-checkbox-item-disabled fm-list-item-middle"
          shape="square"
        >
          <div
            class="fm-list-thumb"
          >
            <label
              class="fm-checkbox-wrapper"
            >
              <span
                class="fm-checkbox fm-checkbox-disabled"
              >
                <input
                  class="fm-checkbox-input"
                  disabled=""
                  type="checkbox"
                />
                <span
                  class="fm-checkbox-inner"
                  style="border-radius:3px"
                />
              </span>
            </label>
          </div>
          <div
            class="fm-list-line"
          >
            <div
              class="fm-list-content"
            >
              选项四
            </div>
          </div>
          <div
            class="fm-list-ripple"
            style="display:none"
          />
        </div>
        <div
          checked=""
          class="fm-list-item fm-checkbox-item fm-checkbox-item-disabled fm-list-item-middle"
          shape="square"
        >
          <div
            class="fm-list-thumb"
          >
            <label
              class="fm-checkbox-wrapper"
            >
              <span
                class="fm-checkbox fm-checkbox-checked fm-checkbox-disabled"
              >
                <input
                  checked=""
                  class="fm-checkbox-input"
                  disabled=""
                  type="checkbox"
                />
                <span
                  class="fm-checkbox-inner"
                  style="border-radius:3px"
                />
              </span>
            </label>
          </div>
          <div
            class="fm-list-line"
          >
            <div
              class="fm-list-content"
            >
              选项五
            </div>
          </div>
          <div
            class="fm-list-ripple"
            style="display:none"
          />
        </div>
      </div>
    </div>
  </div>
</div>
`;
