// Jest Snapshot v1, https://goo.gl/fbAQLP

exports[`Renders Tabs demo correctly 1`] = `
<div>
  <div>
    <div
      class="demo-title"
    >
      基础用法
    </div>
    <div
      class="fm-tabs fm-tabs-horizontal"
      style="margin-top:10px"
    >
      <div
        class="fm-tabs-horizontal-nav-wrap"
      >
        <div
          class="fm-tabs-horizontal-nav"
        >
          <div
            class="fm-tabs-horizontal-tab fm-tabs-horizontal-tab-active"
            style="width:50%"
          >
            Tabs1
          </div>
          <div
            class="fm-tabs-horizontal-tab"
            style="width:50%"
          >
            Tabs2
          </div>
          <div
            class="fm-tabs-horizontal-active-bar fm-tabs-horizontal-active-bar-animated"
            style="left:0%;width:50%"
          />
        </div>
      </div>
      <div
        class="fm-tabs-horizontal-content-wrap"
      >
        <div
          class="fm-tabs-horizontal-content"
          style="height:100%"
        >
          <div
            class="fm-tabs-horizontal-content-tab"
            style="height:100%"
          >
            <div
              class="demo-tabs-content"
            >
              content1
            </div>
          </div>
          <div
            class="fm-tabs-horizontal-content-tab"
            style="height:100%"
          >
            <div
              class="demo-tabs-content"
            >
              content2
            </div>
          </div>
        </div>
      </div>
    </div>
    <div
      class="fm-tabs fm-tabs-horizontal"
      style="margin-top:10px"
    >
      <div
        class="fm-tabs-horizontal-nav-wrap"
      >
        <div
          class="fm-tabs-horizontal-nav"
        >
          <div
            class="fm-tabs-horizontal-tab fm-tabs-horizontal-tab-active"
            style="width:33.333333333333336%"
          >
            Tabs1
          </div>
          <div
            class="fm-tabs-horizontal-tab"
            style="width:33.333333333333336%"
          >
            Tabs2
          </div>
          <div
            class="fm-tabs-horizontal-tab"
            style="width:33.333333333333336%"
          >
            Tabs3
          </div>
          <div
            class="fm-tabs-horizontal-active-bar fm-tabs-horizontal-active-bar-animated"
            style="left:0%;width:33.333333333333336%"
          />
        </div>
      </div>
      <div
        class="fm-tabs-horizontal-content-wrap"
      >
        <div
          class="fm-tabs-horizontal-content"
          style="height:100%"
        >
          <div
            class="fm-tabs-horizontal-content-tab"
            style="height:100%"
          >
            <div
              class="demo-tabs-content"
            >
              content1
            </div>
          </div>
          <div
            class="fm-tabs-horizontal-content-tab"
            style="height:100%"
          >
            <div
              class="demo-tabs-content"
            >
              content2
            </div>
          </div>
          <div
            class="fm-tabs-horizontal-content-tab"
            style="height:100%"
          >
            <div
              class="demo-tabs-content"
            >
              content3
            </div>
          </div>
        </div>
      </div>
    </div>
    <div
      class="fm-tabs fm-tabs-horizontal"
      style="margin-top:10px"
    >
      <div
        class="fm-tabs-horizontal-nav-wrap"
      >
        <div
          class="fm-tabs-horizontal-nav"
        >
          <div
            class="fm-tabs-horizontal-tab fm-tabs-horizontal-tab-active"
            style="width:25%"
          >
            Tabs1
          </div>
          <div
            class="fm-tabs-horizontal-tab"
            style="width:25%"
          >
            Tabs2
          </div>
          <div
            class="fm-tabs-horizontal-tab"
            style="width:25%"
          >
            Tabs3
          </div>
          <div
            class="fm-tabs-horizontal-tab"
            style="width:25%"
          >
            Tabs4
          </div>
          <div
            class="fm-tabs-horizontal-active-bar fm-tabs-horizontal-active-bar-animated"
            style="left:0%;width:25%"
          />
        </div>
      </div>
      <div
        class="fm-tabs-horizontal-content-wrap"
      >
        <div
          class="fm-tabs-horizontal-content"
          style="height:100%"
        >
          <div
            class="fm-tabs-horizontal-content-tab"
            style="height:100%"
          >
            <div
              class="demo-tabs-content"
            >
              content1
            </div>
          </div>
          <div
            class="fm-tabs-horizontal-content-tab"
            style="height:100%"
          >
            <div
              class="demo-tabs-content"
            >
              content2
            </div>
          </div>
          <div
            class="fm-tabs-horizontal-content-tab"
            style="height:100%"
          >
            <div
              class="demo-tabs-content"
            >
              content3
            </div>
          </div>
          <div
            class="fm-tabs-horizontal-content-tab"
            style="height:100%"
          >
            <div
              class="demo-tabs-content"
            >
              content4
            </div>
          </div>
        </div>
      </div>
    </div>
  </div>
  <div>
    <div
      class="demo-title"
    >
      无动画
    </div>
    <div
      class="fm-tabs fm-tabs-horizontal"
    >
      <div
        class="fm-tabs-horizontal-nav-wrap"
      >
        <div
          class="fm-tabs-horizontal-nav"
        >
          <div
            class="fm-tabs-horizontal-tab fm-tabs-horizontal-tab-active"
            style="width:33.333333333333336%"
          >
            Tabs1
          </div>
          <div
            class="fm-tabs-horizontal-tab"
            style="width:33.333333333333336%"
          >
            Tabs2
          </div>
          <div
            class="fm-tabs-horizontal-tab"
            style="width:33.333333333333336%"
          >
            Tabs3
          </div>
          <div
            class="fm-tabs-horizontal-active-bar"
            style="left:0%;width:33.333333333333336%"
          />
        </div>
      </div>
      <div
        class="fm-tabs-horizontal-content-wrap"
      >
        <div
          class="fm-tabs-horizontal-content"
          style="height:100%"
        >
          <div
            class="fm-tabs-horizontal-content-tab"
            style="height:100%"
          >
            <div
              class="demo-tabs-content"
            >
              content1
            </div>
          </div>
          <div
            class="fm-tabs-horizontal-content-tab"
            style="height:100%"
          >
            <div
              class="demo-tabs-content"
            >
              content2
            </div>
          </div>
          <div
            class="fm-tabs-horizontal-content-tab"
            style="height:100%"
          >
            <div
              class="demo-tabs-content"
            >
              content3
            </div>
          </div>
        </div>
      </div>
    </div>
  </div>
  <div>
    <div
      class="demo-title"
    >
      跟手滚动
    </div>
    <div
      class="fm-tabs fm-tabs-horizontal"
    >
      <div
        class="fm-tabs-horizontal-nav-wrap"
      >
        <div
          class="fm-tabs-horizontal-nav"
        >
          <div
            class="fm-tabs-horizontal-tab"
            style="width:33.333333333333336%"
          >
            Tabs1
          </div>
          <div
            class="fm-tabs-horizontal-tab"
            style="width:33.333333333333336%"
          >
            Tabs2
          </div>
          <div
            class="fm-tabs-horizontal-tab fm-tabs-horizontal-tab-active"
            style="width:33.333333333333336%"
          >
            Tabs3
          </div>
          <div
            class="fm-tabs-horizontal-tab"
            style="width:33.333333333333336%"
          >
            Tabs4
          </div>
          <div
            class="fm-tabs-horizontal-tab"
            style="width:33.333333333333336%"
          >
            Tabs5
          </div>
          <div
            class="fm-tabs-horizontal-tab"
            style="width:33.333333333333336%"
          >
            Tabs6
          </div>
          <div
            class="fm-tabs-horizontal-tab"
            style="width:33.333333333333336%"
          >
            Tabs7
          </div>
          <div
            class="fm-tabs-horizontal-tab"
            style="width:33.333333333333336%"
          >
            Tabs8
          </div>
          <div
            class="fm-tabs-horizontal-tab"
            style="width:33.333333333333336%"
          >
            Tabs9
          </div>
          <div
            class="fm-tabs-horizontal-active-bar fm-tabs-horizontal-active-bar-animated"
            style="left:66.66666666666667%;width:33.333333333333336%"
          />
        </div>
      </div>
      <div
        class="fm-tabs-horizontal-content-wrap"
      >
        <div
          class="fm-tabs-horizontal-content"
          style="height:100%"
        >
          <div
            class="fm-tabs-horizontal-content-tab"
            style="height:100%"
          >
            <div
              class="demo-tabs-content"
            >
              content1
            </div>
          </div>
          <div
            class="fm-tabs-horizontal-content-tab"
            style="height:100%"
          >
            <div
              class="demo-tabs-content"
            >
              content2
            </div>
          </div>
          <div
            class="fm-tabs-horizontal-content-tab"
            style="height:100%"
          >
            <div
              class="demo-tabs-content"
            >
              content3
            </div>
          </div>
          <div
            class="fm-tabs-horizontal-content-tab"
            style="height:100%"
          >
            <div
              class="demo-tabs-content"
            >
              content4
            </div>
          </div>
          <div
            class="fm-tabs-horizontal-content-tab"
            style="height:100%"
          >
            <div
              class="demo-tabs-content"
            >
              content5
            </div>
          </div>
          <div
            class="fm-tabs-horizontal-content-tab"
            style="height:100%"
          >
            <div
              class="demo-tabs-content"
            >
              content6
            </div>
          </div>
          <div
            class="fm-tabs-horizontal-content-tab"
            style="height:100%"
          >
            <div
              class="demo-tabs-content"
            >
              content7
            </div>
          </div>
          <div
            class="fm-tabs-horizontal-content-tab"
            style="height:100%"
          >
            <div
              class="demo-tabs-content"
            >
              content8
            </div>
          </div>
          <div
            class="fm-tabs-horizontal-content-tab"
            style="height:100%"
          >
            <div
              class="demo-tabs-content"
            >
              content9
            </div>
          </div>
        </div>
      </div>
    </div>
  </div>
  <div>
    <div
      class="demo-title"
    >
      纵向Tabs标签页
    </div>
    <div
      class="fm-tabs fm-tabs-vertical"
      style="height:200px"
    >
      <div
        class="fm-tabs-vertical-nav-wrap"
      >
        <div
          class="fm-tabs-vertical-nav"
        >
          <div
            class="fm-tabs-vertical-tab fm-tabs-vertical-tab-active"
            style="height:33.333333333333336%"
          >
            Tabs1
          </div>
          <div
            class="fm-tabs-vertical-tab"
            style="height:33.333333333333336%"
          >
            Tabs2
          </div>
          <div
            class="fm-tabs-vertical-tab"
            style="height:33.333333333333336%"
          >
            Tabs3
          </div>
          <div
            class="fm-tabs-vertical-active-bar fm-tabs-vertical-active-bar-animated"
            style="top:0%;height:33.333333333333336%"
          />
        </div>
      </div>
      <div
        class="fm-tabs-vertical-content-wrap"
      >
        <div
          class="fm-tabs-vertical-content"
          style="height:300%"
        >
          <div
            class="fm-tabs-vertical-content-tab"
            style="height:33.333333333333336%"
          >
            <div
              class="demo-tabs-content"
            >
              content1
            </div>
          </div>
          <div
            class="fm-tabs-vertical-content-tab"
            style="height:33.333333333333336%"
          >
            <div
              class="demo-tabs-content"
            >
              content2
            </div>
          </div>
          <div
            class="fm-tabs-vertical-content-tab"
            style="height:33.333333333333336%"
          >
            <div
              class="demo-tabs-content"
            >
              content3
            </div>
          </div>
        </div>
      </div>
    </div>
  </div>
  <div>
    <div
      class="demo-title"
    >
      自定义样式
    </div>
    <div
      class="fm-tabs fm-tabs-horizontal"
    >
      <div
        class="fm-tabs-horizontal-nav-wrap"
      >
        <div
          class="fm-tabs-horizontal-nav"
        >
          <div
            class="fm-tabs-horizontal-tab fm-tabs-horizontal-tab-active"
            style="width:33.333333333333336%;color:#000000"
          >
            Tabs1
          </div>
          <div
            class="fm-tabs-horizontal-tab"
            style="width:33.333333333333336%;color:#333333"
          >
            Tabs2
          </div>
          <div
            class="fm-tabs-horizontal-tab"
            style="width:33.333333333333336%;color:#333333"
          >
            Tabs3
          </div>
          <div
            class="fm-tabs-horizontal-active-bar fm-tabs-horizontal-active-bar-animated"
            style="background:#26BD71;left:0%;width:33.333333333333336%"
          />
        </div>
      </div>
      <div
        class="fm-tabs-horizontal-content-wrap"
      >
        <div
          class="fm-tabs-horizontal-content"
          style="height:100%"
        >
          <div
            class="fm-tabs-horizontal-content-tab"
            style="height:100%"
          >
            <div
              class="demo-tabs-content"
            >
              content1
            </div>
          </div>
          <div
            class="fm-tabs-horizontal-content-tab"
            style="height:100%"
          >
            <div
              class="demo-tabs-content"
            >
              content2
            </div>
          </div>
          <div
            class="fm-tabs-horizontal-content-tab"
            style="height:100%"
          >
            <div
              class="demo-tabs-content"
            >
              content3
            </div>
          </div>
        </div>
      </div>
    </div>
  </div>
</div>
`;
