// Jest Snapshot v1, https://goo.gl/fbAQLP

exports[`Renders Tabs demo correctly 1`] = `
<div>
  <div>
    <div
      class="demo-title"
    >
      基本用法（数量2～4）
    </div>
    <div
      class="fm-tabs fm-tabs-horizontal"
      style="margin-top:10px"
    >
      <div
        class="fm-tabs-horizontal-nav-wrap"
      >
        <div
          class="fm-tabs-horizontal-nav"
        >
          <div
            class="fm-tabs-horizontal-tab fm-tabs-horizontal-tab-active"
            style="width:50%"
          >
            标题1
          </div>
          <div
            class="fm-tabs-horizontal-tab"
            style="width:50%"
          >
            标题2
          </div>
          <div
            class="fm-tabs-horizontal-active-bar fm-tabs-horizontal-active-bar-animated"
            style="left:calc(25% - 20px);width:40px"
          />
        </div>
        <div
          class="fm-tabs-horizontal-line"
        />
      </div>
      <div
        class="fm-tabs-horizontal-content-wrap"
      >
        <div
          class="fm-tabs-horizontal-content"
          style="height:100%"
        >
          <div
            class="fm-tabs-horizontal-content-tab"
            style="height:100%"
          >
            <div
              class="demo-tabs-content"
            >
              标签内容1
            </div>
          </div>
          <div
            class="fm-tabs-horizontal-content-tab"
            style="height:100%"
          >
            <div
              class="demo-tabs-content"
            >
              标签内容2
            </div>
          </div>
        </div>
      </div>
    </div>
    <div
      class="fm-tabs fm-tabs-horizontal"
      style="margin-top:10px"
    >
      <div
        class="fm-tabs-horizontal-nav-wrap"
      >
        <div
          class="fm-tabs-horizontal-nav"
        >
          <div
            class="fm-tabs-horizontal-tab fm-tabs-horizontal-tab-active"
            style="width:33.333333333333336%"
          >
            标题1
          </div>
          <div
            class="fm-tabs-horizontal-tab"
            style="width:33.333333333333336%"
          >
            标题2
          </div>
          <div
            class="fm-tabs-horizontal-tab"
            style="width:33.333333333333336%"
          >
            标题3
          </div>
          <div
            class="fm-tabs-horizontal-active-bar fm-tabs-horizontal-active-bar-animated"
            style="left:calc(16.666666666666668% - 20px);width:40px"
          />
        </div>
        <div
          class="fm-tabs-horizontal-line"
        />
      </div>
      <div
        class="fm-tabs-horizontal-content-wrap"
      >
        <div
          class="fm-tabs-horizontal-content"
          style="height:100%"
        >
          <div
            class="fm-tabs-horizontal-content-tab"
            style="height:100%"
          >
            <div
              class="demo-tabs-content"
            >
              标签内容1
            </div>
          </div>
          <div
            class="fm-tabs-horizontal-content-tab"
            style="height:100%"
          >
            <div
              class="demo-tabs-content"
            >
              标签内容2
            </div>
          </div>
          <div
            class="fm-tabs-horizontal-content-tab"
            style="height:100%"
          >
            <div
              class="demo-tabs-content"
            >
              标签内容3
            </div>
          </div>
        </div>
      </div>
    </div>
    <div
      class="fm-tabs fm-tabs-horizontal"
      style="margin-top:10px"
    >
      <div
        class="fm-tabs-horizontal-nav-wrap"
      >
        <div
          class="fm-tabs-horizontal-nav"
        >
          <div
            class="fm-tabs-horizontal-tab fm-tabs-horizontal-tab-active"
            style="width:25%"
          >
            标题1
          </div>
          <div
            class="fm-tabs-horizontal-tab"
            style="width:25%"
          >
            标题2
          </div>
          <div
            class="fm-tabs-horizontal-tab"
            style="width:25%"
          >
            标题3
          </div>
          <div
            class="fm-tabs-horizontal-tab"
            style="width:25%"
          >
            标题4
          </div>
          <div
            class="fm-tabs-horizontal-active-bar fm-tabs-horizontal-active-bar-animated"
            style="left:calc(12.5% - 20px);width:40px"
          />
        </div>
        <div
          class="fm-tabs-horizontal-line"
        />
      </div>
      <div
        class="fm-tabs-horizontal-content-wrap"
      >
        <div
          class="fm-tabs-horizontal-content"
          style="height:100%"
        >
          <div
            class="fm-tabs-horizontal-content-tab"
            style="height:100%"
          >
            <div
              class="demo-tabs-content"
            >
              标签内容1
            </div>
          </div>
          <div
            class="fm-tabs-horizontal-content-tab"
            style="height:100%"
          >
            <div
              class="demo-tabs-content"
            >
              标签内容2
            </div>
          </div>
          <div
            class="fm-tabs-horizontal-content-tab"
            style="height:100%"
          >
            <div
              class="demo-tabs-content"
            >
              标签内容3
            </div>
          </div>
          <div
            class="fm-tabs-horizontal-content-tab"
            style="height:100%"
          >
            <div
              class="demo-tabs-content"
            >
              标签内容4
            </div>
          </div>
        </div>
      </div>
    </div>
  </div>
  <div>
    <div
      class="demo-title"
    >
      无动画
    </div>
    <div
      class="fm-tabs fm-tabs-horizontal"
    >
      <div
        class="fm-tabs-horizontal-nav-wrap"
      >
        <div
          class="fm-tabs-horizontal-nav"
        >
          <div
            class="fm-tabs-horizontal-tab fm-tabs-horizontal-tab-active"
            style="width:33.333333333333336%"
          >
            标签1
          </div>
          <div
            class="fm-tabs-horizontal-tab"
            style="width:33.333333333333336%"
          >
            标签2
          </div>
          <div
            class="fm-tabs-horizontal-tab"
            style="width:33.333333333333336%"
          >
            标签3
          </div>
          <div
            class="fm-tabs-horizontal-active-bar"
            style="left:calc(16.666666666666668% - 20px);width:40px"
          />
        </div>
        <div
          class="fm-tabs-horizontal-line"
        />
      </div>
      <div
        class="fm-tabs-horizontal-content-wrap"
      >
        <div
          class="fm-tabs-horizontal-content"
          style="height:100%"
        >
          <div
            class="fm-tabs-horizontal-content-tab"
            style="height:100%"
          >
            <div
              class="demo-tabs-content"
            >
              标签内容1
            </div>
          </div>
          <div
            class="fm-tabs-horizontal-content-tab"
            style="height:100%"
          >
            <div
              class="demo-tabs-content"
            >
              标签内容2
            </div>
          </div>
          <div
            class="fm-tabs-horizontal-content-tab"
            style="height:100%"
          >
            <div
              class="demo-tabs-content"
            >
              标签内容3
            </div>
          </div>
        </div>
      </div>
    </div>
  </div>
  <div>
    <div
      class="demo-title"
    >
      基本用法（数量4个以上）-选择标签自动滑动
    </div>
    <div
      class="fm-tabs fm-tabs-horizontal"
    >
      <div
        class="fm-tabs-horizontal-nav-wrap"
      >
        <div
          class="fm-tabs-horizontal-nav"
        >
          <div
            class="fm-tabs-horizontal-tab"
            style="width:33.333333333333336%"
          >
            标签1
          </div>
          <div
            class="fm-tabs-horizontal-tab"
            style="width:33.333333333333336%"
          >
            标签2
          </div>
          <div
            class="fm-tabs-horizontal-tab fm-tabs-horizontal-tab-active"
            style="width:33.333333333333336%"
          >
            标签3
          </div>
          <div
            class="fm-tabs-horizontal-tab"
            style="width:33.333333333333336%"
          >
            标签4
          </div>
          <div
            class="fm-tabs-horizontal-tab"
            style="width:33.333333333333336%"
          >
            标签5
          </div>
          <div
            class="fm-tabs-horizontal-tab"
            style="width:33.333333333333336%"
          >
            标签6
          </div>
          <div
            class="fm-tabs-horizontal-tab"
            style="width:33.333333333333336%"
          >
            标签7
          </div>
          <div
            class="fm-tabs-horizontal-tab"
            style="width:33.333333333333336%"
          >
            标签8
          </div>
          <div
            class="fm-tabs-horizontal-tab"
            style="width:33.333333333333336%"
          >
            标签9
          </div>
          <div
            class="fm-tabs-horizontal-active-bar fm-tabs-horizontal-active-bar-animated"
            style="left:calc(83.33333333333334% - 20px);width:40px"
          />
        </div>
        <div
          class="fm-tabs-horizontal-line"
        />
      </div>
      <div
        class="fm-tabs-horizontal-content-wrap"
      >
        <div
          class="fm-tabs-horizontal-content"
          style="height:100%"
        >
          <div
            class="fm-tabs-horizontal-content-tab"
            style="height:100%"
          >
            <div
              class="demo-tabs-content"
            >
              content1
            </div>
          </div>
          <div
            class="fm-tabs-horizontal-content-tab"
            style="height:100%"
          >
            <div
              class="demo-tabs-content"
            >
              content2
            </div>
          </div>
          <div
            class="fm-tabs-horizontal-content-tab"
            style="height:100%"
          >
            <div
              class="demo-tabs-content"
            >
              content3
            </div>
          </div>
          <div
            class="fm-tabs-horizontal-content-tab"
            style="height:100%"
          >
            <div
              class="demo-tabs-content"
            >
              content4
            </div>
          </div>
          <div
            class="fm-tabs-horizontal-content-tab"
            style="height:100%"
          >
            <div
              class="demo-tabs-content"
            >
              content5
            </div>
          </div>
          <div
            class="fm-tabs-horizontal-content-tab"
            style="height:100%"
          >
            <div
              class="demo-tabs-content"
            >
              content6
            </div>
          </div>
          <div
            class="fm-tabs-horizontal-content-tab"
            style="height:100%"
          >
            <div
              class="demo-tabs-content"
            >
              content7
            </div>
          </div>
          <div
            class="fm-tabs-horizontal-content-tab"
            style="height:100%"
          >
            <div
              class="demo-tabs-content"
            >
              content8
            </div>
          </div>
          <div
            class="fm-tabs-horizontal-content-tab"
            style="height:100%"
          >
            <div
              class="demo-tabs-content"
            >
              content9
            </div>
          </div>
        </div>
      </div>
    </div>
  </div>
  <div>
    <div
      class="demo-title"
    >
      垂直标签
    </div>
    <div
      class="fm-tabs fm-tabs-vertical"
      style="height:200px"
    >
      <div
        class="fm-tabs-vertical-nav-wrap"
      >
        <div
          class="fm-tabs-vertical-nav"
        >
          <div
            class="fm-tabs-vertical-tab fm-tabs-vertical-tab-active"
            style="height:33.333333333333336%"
          >
            标签1
          </div>
          <div
            class="fm-tabs-vertical-tab"
            style="height:33.333333333333336%"
          >
            标签2
          </div>
          <div
            class="fm-tabs-vertical-tab"
            style="height:33.333333333333336%"
          >
            标签3
          </div>
          <div
            class="fm-tabs-vertical-active-bar fm-tabs-vertical-active-bar-animated"
            style="top:calc(16.666666666666668% - 10px);height:20px"
          />
        </div>
        <div
          class="fm-tabs-vertical-line"
        />
      </div>
      <div
        class="fm-tabs-vertical-content-wrap"
      >
        <div
          class="fm-tabs-vertical-content"
          style="height:300%"
        >
          <div
            class="fm-tabs-vertical-content-tab"
            style="height:33.333333333333336%"
          >
            <div
              class="demo-tabs-content"
            >
              标签内容1
            </div>
          </div>
          <div
            class="fm-tabs-vertical-content-tab"
            style="height:33.333333333333336%"
          >
            <div
              class="demo-tabs-content"
            >
              标签内容2
            </div>
          </div>
          <div
            class="fm-tabs-vertical-content-tab"
            style="height:33.333333333333336%"
          >
            <div
              class="demo-tabs-content"
            >
              标签内容3
            </div>
          </div>
        </div>
      </div>
    </div>
  </div>
  <div>
    <div
      class="demo-title"
    >
      自定义颜色
    </div>
    <div
      class="fm-tabs fm-tabs-horizontal"
    >
      <div
        class="fm-tabs-horizontal-nav-wrap"
      >
        <div
          class="fm-tabs-horizontal-nav"
        >
          <div
            class="fm-tabs-horizontal-tab fm-tabs-horizontal-tab-active"
            style="width:33.333333333333336%;color:#000000"
          >
            标签1
          </div>
          <div
            class="fm-tabs-horizontal-tab"
            style="width:33.333333333333336%;color:#333333"
          >
            标签2
          </div>
          <div
            class="fm-tabs-horizontal-tab"
            style="width:33.333333333333336%;color:#333333"
          >
            标签3
          </div>
          <div
            class="fm-tabs-horizontal-active-bar fm-tabs-horizontal-active-bar-animated"
            style="background:#26BD71;left:calc(16.666666666666668% - 20px);width:40px"
          />
        </div>
        <div
          class="fm-tabs-horizontal-line"
        />
      </div>
      <div
        class="fm-tabs-horizontal-content-wrap"
      >
        <div
          class="fm-tabs-horizontal-content"
          style="height:100%"
        >
          <div
            class="fm-tabs-horizontal-content-tab"
            style="height:100%"
          >
            <div
              class="demo-tabs-content"
            >
              标签内容1
            </div>
          </div>
          <div
            class="fm-tabs-horizontal-content-tab"
            style="height:100%"
          >
            <div
              class="demo-tabs-content"
            >
              标签内容2
            </div>
          </div>
          <div
            class="fm-tabs-horizontal-content-tab"
            style="height:100%"
          >
            <div
              class="demo-tabs-content"
            >
              标签内容3
            </div>
          </div>
        </div>
      </div>
    </div>
  </div>
</div>
`;
