// Jest Snapshot v1, https://goo.gl/fbAQLP

exports[`Renders DatePicker demo correctly 1`] = `
<div>
  <div
    class="components-tpl-demo-basic"
  >
    <div
      class="fm-list"
    >
      <div
        class="fm-list-body"
      >
        <div>
          <div
            class="fm-list-item fm-list-item-middle"
          >
            <div
              class="fm-list-line"
            >
              <div
                class="fm-list-content"
              >
                日期时间
              </div>
              <div
                class="fm-list-extra"
              >
                请选择
              </div>
            </div>
            <div
              class="fm-list-ripple"
              style="display:none"
            />
          </div>
        </div>
        <div>
          <div
            class="fm-list-item fm-list-item-middle"
          >
            <div
              class="fm-list-line"
            >
              <div
                class="fm-list-content"
              >
                日期
              </div>
              <div
                class="fm-list-extra"
              >
                请选择日期
              </div>
            </div>
            <div
              class="fm-list-ripple"
              style="display:none"
            />
          </div>
        </div>
        <div>
          <div
            class="fm-list-item fm-list-item-middle"
          >
            <div
              class="fm-list-line"
            >
              <div
                class="fm-list-content"
              >
                时间
              </div>
              <div
                class="fm-list-extra"
              >
                请选择时间
              </div>
            </div>
            <div
              class="fm-list-ripple"
              style="display:none"
            />
          </div>
        </div>
      </div>
    </div>
  </div>
</div>
`;
