// Jest Snapshot v1, https://goo.gl/fbAQLP

exports[`Renders Toast demo correctly 1`] = `
<div>
  <div
    class="components-toast-demo"
  >
    <div
      class="demo-title"
    >
      文字提示
    </div>
    <div
      class="demo-wrap"
    >
      <a
        aria-disabled="false"
        class="fm-button fm-button-primary fm-button-normal"
        role="button"
      >
        <span
          class="fm-button-text"
        >
          文本提示
        </span>
      </a>
      <a
        aria-disabled="false"
        class="fm-button fm-button-primary fm-button-normal"
        role="button"
      >
        <span
          class="fm-button-text"
        >
          长文字提示
        </span>
      </a>
    </div>
    <div
      class="demo-title"
    >
      加载提示
    </div>
    <div
      class="demo-wrap"
    >
      <a
        aria-disabled="false"
        class="fm-button fm-button-primary fm-button-normal"
        role="button"
      >
        <span
          class="fm-button-text"
        >
          加载提示
        </span>
      </a>
    </div>
    <div
      class="demo-title"
    >
      成功/失败提示
    </div>
    <div
      class="demo-wrap"
    >
      <a
        aria-disabled="false"
        class="fm-button fm-button-guide fm-button-normal"
        role="button"
      >
        <span
          class="fm-button-text"
        >
          成功提示
        </span>
      </a>
      <a
        aria-disabled="false"
        class="fm-button fm-button-danger fm-button-normal"
        role="button"
      >
        <span
          class="fm-button-text"
        >
          失败提示
        </span>
      </a>
    </div>
    <div
      class="demo-title"
    >
      自定义图标
    </div>
    <div
      class="demo-wrap"
    >
      <a
        aria-disabled="false"
        class="fm-button fm-button-primary fm-button-normal"
        role="button"
      >
        <span
          class="fm-button-text"
        >
          自定义图标
        </span>
      </a>
    </div>
  </div>
</div>
`;
