// Jest Snapshot v1, https://goo.gl/fbAQLP

exports[`Renders NumberKeyboard demo correctly 1`] = `
<div>
  <div
    class="components-numberKeyboard-demo-basic"
  >
    <a
      aria-disabled="false"
      class="fm-button"
      role="button"
    >
      <span>
        显示键盘1
      </span>
    </a>
    <a
      aria-disabled="false"
      class="fm-button"
      role="button"
    >
      <span>
        显示键盘2
      </span>
    </a>
    <span />
    <span />
  </div>
</div>
`;
