// Jest Snapshot v1, https://goo.gl/fbAQLP

exports[`Renders NumberKeyboard demo correctly 1`] = `
<div>
  <div
    class="components-numberKeyboard-demo-basic"
  >
    <a
      aria-disabled="false"
      class="fm-button"
      role="button"
    >
      <span>
        普通键盘
      </span>
    </a>
    <span />
    <a
      aria-disabled="false"
      class="fm-button"
      role="button"
    >
      <span>
        右侧栏键盘
      </span>
    </a>
    <span />
    <a
      aria-disabled="false"
      class="fm-button"
      role="button"
    >
      <span>
        身份证键盘
      </span>
    </a>
    <span />
    <a
      aria-disabled="false"
      class="fm-button"
      role="button"
    >
      <span>
        带标题键盘
      </span>
    </a>
    <span />
    <a
      aria-disabled="false"
      class="fm-button"
      role="button"
    >
      <span>
        配置多个按键
      </span>
    </a>
    <span />
    <a
      aria-disabled="false"
      class="fm-button"
      role="button"
    >
      <span>
        双向绑定
      </span>
    </a>
    <span />
  </div>
</div>
`;
