// Jest Snapshot v1, https://goo.gl/fbAQLP

exports[`Renders Grid demo correctly 1`] = `
<div>
  <div
    class="components-grid-demo-basic"
  >
    <div
      class="sub-title"
    >
      基础用法
    </div>
    <div
      class="fm-grid fm-grid-line"
      style="padding-left:0"
    >
      <div
        class="fm-flexbox fm-flexbox-justify-center fm-flexbox-align-stretch"
        style="margin-top:0"
      >
        <div
          class="fm-flexbox-item fm-grid-item"
          style="width:25%;padding-right:auto"
        >
          <div
            class="fm-grid column-num-4 fm-grid-item-content"
          >
            <img
              class="fm-grid-icon"
              src="https://gw.alipayobjects.com/zos/rmsportal/nywPmnTAvTmLusPxHPSu.png"
            />
            <div
              class="fm-grid-text"
            >
              name0
            </div>
          </div>
        </div>
        <div
          class="fm-flexbox-item fm-grid-item"
          style="width:25%;padding-right:auto"
        >
          <div
            class="fm-grid column-num-4 fm-grid-item-content"
          >
            <img
              class="fm-grid-icon"
              src="https://gw.alipayobjects.com/zos/rmsportal/nywPmnTAvTmLusPxHPSu.png"
            />
            <div
              class="fm-grid-text"
            >
              name1
            </div>
          </div>
        </div>
        <div
          class="fm-flexbox-item fm-grid-item"
          style="width:25%;padding-right:auto"
        >
          <div
            class="fm-grid column-num-4 fm-grid-item-content"
          >
            <img
              class="fm-grid-icon"
              src="https://gw.alipayobjects.com/zos/rmsportal/nywPmnTAvTmLusPxHPSu.png"
            />
            <div
              class="fm-grid-text"
            >
              name2
            </div>
          </div>
        </div>
        <div
          class="fm-flexbox-item fm-grid-item"
          style="width:25%;padding-right:auto"
        >
          <div
            class="fm-grid column-num-4 fm-grid-item-content"
          >
            <img
              class="fm-grid-icon"
              src="https://gw.alipayobjects.com/zos/rmsportal/nywPmnTAvTmLusPxHPSu.png"
            />
            <div
              class="fm-grid-text"
            >
              name3
            </div>
          </div>
        </div>
      </div>
      <div
        class="fm-flexbox fm-flexbox-justify-center fm-flexbox-align-stretch"
        style="margin-top:0"
      >
        <div
          class="fm-flexbox-item fm-grid-item"
          style="width:25%;padding-right:auto"
        >
          <div
            class="fm-grid column-num-4 fm-grid-item-content"
          >
            <img
              class="fm-grid-icon"
              src="https://gw.alipayobjects.com/zos/rmsportal/nywPmnTAvTmLusPxHPSu.png"
            />
            <div
              class="fm-grid-text"
            >
              name4
            </div>
          </div>
        </div>
        <div
          class="fm-flexbox-item fm-grid-item"
          style="width:25%;padding-right:auto"
        >
          <div
            class="fm-grid column-num-4 fm-grid-item-content"
          >
            <img
              class="fm-grid-icon"
              src="https://gw.alipayobjects.com/zos/rmsportal/nywPmnTAvTmLusPxHPSu.png"
            />
            <div
              class="fm-grid-text"
            >
              name5
            </div>
          </div>
        </div>
        <div
          class="fm-flexbox-item fm-grid-item"
          style="width:25%;padding-right:auto"
        >
          <div
            class="fm-grid column-num-4 fm-grid-item-content"
          >
            <img
              class="fm-grid-icon"
              src="https://gw.alipayobjects.com/zos/rmsportal/nywPmnTAvTmLusPxHPSu.png"
            />
            <div
              class="fm-grid-text"
            >
              name6
            </div>
          </div>
        </div>
        <div
          class="fm-flexbox-item fm-grid-item"
          style="width:25%;padding-right:auto"
        >
          <div
            class="fm-grid column-num-4 fm-grid-item-content"
          >
            <img
              class="fm-grid-icon"
              src="https://gw.alipayobjects.com/zos/rmsportal/nywPmnTAvTmLusPxHPSu.png"
            />
            <div
              class="fm-grid-text"
            >
              name7
            </div>
          </div>
        </div>
      </div>
      <div
        class="fm-flexbox fm-flexbox-justify-center fm-flexbox-align-stretch"
        style="margin-top:0"
      >
        <div
          class="fm-flexbox-item fm-grid-item"
          style="width:25%;padding-right:auto"
        >
          <div
            class="fm-grid column-num-4 fm-grid-item-content"
          >
            <img
              class="fm-grid-icon"
              src="https://gw.alipayobjects.com/zos/rmsportal/nywPmnTAvTmLusPxHPSu.png"
            />
            <div
              class="fm-grid-text"
            >
              name8
            </div>
          </div>
        </div>
        <div
          class="fm-flexbox-item fm-grid-item fm-grid-null-item"
          style="width:25%;padding-right:auto"
        />
        <div
          class="fm-flexbox-item fm-grid-item fm-grid-null-item"
          style="width:25%;padding-right:auto"
        />
        <div
          class="fm-flexbox-item fm-grid-item fm-grid-null-item"
          style="width:25%;padding-right:auto"
        />
      </div>
    </div>
    <div
      class="sub-title"
    >
      自定义-列数
    </div>
    <div
      class="fm-grid fm-grid-line"
      style="padding-left:0"
    >
      <div
        class="fm-flexbox fm-flexbox-justify-center fm-flexbox-align-stretch"
        style="margin-top:0"
      >
        <div
          class="fm-flexbox-item fm-grid-item"
          style="width:33.333333333333336%;padding-right:auto"
        >
          <div
            class="fm-grid column-num-3 fm-grid-item-content"
          >
            <img
              class="fm-grid-icon"
              src="https://gw.alipayobjects.com/zos/rmsportal/nywPmnTAvTmLusPxHPSu.png"
            />
            <div
              class="fm-grid-text"
            >
              name0
            </div>
          </div>
        </div>
        <div
          class="fm-flexbox-item fm-grid-item"
          style="width:33.333333333333336%;padding-right:auto"
        >
          <div
            class="fm-grid column-num-3 fm-grid-item-content"
          >
            <img
              class="fm-grid-icon"
              src="https://gw.alipayobjects.com/zos/rmsportal/nywPmnTAvTmLusPxHPSu.png"
            />
            <div
              class="fm-grid-text"
            >
              name1
            </div>
          </div>
        </div>
        <div
          class="fm-flexbox-item fm-grid-item"
          style="width:33.333333333333336%;padding-right:auto"
        >
          <div
            class="fm-grid column-num-3 fm-grid-item-content"
          >
            <img
              class="fm-grid-icon"
              src="https://gw.alipayobjects.com/zos/rmsportal/nywPmnTAvTmLusPxHPSu.png"
            />
            <div
              class="fm-grid-text"
            >
              name2
            </div>
          </div>
        </div>
      </div>
      <div
        class="fm-flexbox fm-flexbox-justify-center fm-flexbox-align-stretch"
        style="margin-top:0"
      >
        <div
          class="fm-flexbox-item fm-grid-item"
          style="width:33.333333333333336%;padding-right:auto"
        >
          <div
            class="fm-grid column-num-3 fm-grid-item-content"
          >
            <img
              class="fm-grid-icon"
              src="https://gw.alipayobjects.com/zos/rmsportal/nywPmnTAvTmLusPxHPSu.png"
            />
            <div
              class="fm-grid-text"
            >
              name3
            </div>
          </div>
        </div>
        <div
          class="fm-flexbox-item fm-grid-item"
          style="width:33.333333333333336%;padding-right:auto"
        >
          <div
            class="fm-grid column-num-3 fm-grid-item-content"
          >
            <img
              class="fm-grid-icon"
              src="https://gw.alipayobjects.com/zos/rmsportal/nywPmnTAvTmLusPxHPSu.png"
            />
            <div
              class="fm-grid-text"
            >
              name4
            </div>
          </div>
        </div>
        <div
          class="fm-flexbox-item fm-grid-item"
          style="width:33.333333333333336%;padding-right:auto"
        >
          <div
            class="fm-grid column-num-3 fm-grid-item-content"
          >
            <img
              class="fm-grid-icon"
              src="https://gw.alipayobjects.com/zos/rmsportal/nywPmnTAvTmLusPxHPSu.png"
            />
            <div
              class="fm-grid-text"
            >
              name5
            </div>
          </div>
        </div>
      </div>
      <div
        class="fm-flexbox fm-flexbox-justify-center fm-flexbox-align-stretch"
        style="margin-top:0"
      >
        <div
          class="fm-flexbox-item fm-grid-item"
          style="width:33.333333333333336%;padding-right:auto"
        >
          <div
            class="fm-grid column-num-3 fm-grid-item-content"
          >
            <img
              class="fm-grid-icon"
              src="https://gw.alipayobjects.com/zos/rmsportal/nywPmnTAvTmLusPxHPSu.png"
            />
            <div
              class="fm-grid-text"
            >
              name6
            </div>
          </div>
        </div>
        <div
          class="fm-flexbox-item fm-grid-item"
          style="width:33.333333333333336%;padding-right:auto"
        >
          <div
            class="fm-grid column-num-3 fm-grid-item-content"
          >
            <img
              class="fm-grid-icon"
              src="https://gw.alipayobjects.com/zos/rmsportal/nywPmnTAvTmLusPxHPSu.png"
            />
            <div
              class="fm-grid-text"
            >
              name7
            </div>
          </div>
        </div>
        <div
          class="fm-flexbox-item fm-grid-item"
          style="width:33.333333333333336%;padding-right:auto"
        >
          <div
            class="fm-grid column-num-3 fm-grid-item-content"
          >
            <img
              class="fm-grid-icon"
              src="https://gw.alipayobjects.com/zos/rmsportal/nywPmnTAvTmLusPxHPSu.png"
            />
            <div
              class="fm-grid-text"
            >
              name8
            </div>
          </div>
        </div>
      </div>
    </div>
    <div
      class="sub-title"
    >
      自定义-内容
    </div>
    <div
      class="fm-grid"
      style="padding-left:0"
    >
      <div
        class="fm-flexbox fm-flexbox-justify-center fm-flexbox-align-stretch"
        style="margin-top:0"
      >
        <div
          class="fm-flexbox-item fm-grid-item"
          style="width:33.333333333333336%;padding-right:auto"
        >
          <div
            class="fm-grid column-num-3 fm-grid-item-content"
            style="padding:0"
          >
            <div
              style="display:flex;align-items:center;justify-content:center;height:100%"
            >
              <img
                alt=""
                src="https://img.yzcdn.cn/vant/apple-1.jpg"
                style="width:100%;height:80px"
              />
            </div>
          </div>
        </div>
        <div
          class="fm-flexbox-item fm-grid-item"
          style="width:33.333333333333336%;padding-right:auto"
        >
          <div
            class="fm-grid column-num-3 fm-grid-item-content"
            style="padding:0"
          >
            <div
              style="display:flex;align-items:center;justify-content:center;height:100%"
            >
              <img
                alt=""
                src="https://img.yzcdn.cn/vant/apple-2.jpg"
                style="width:100%;height:80px"
              />
            </div>
          </div>
        </div>
        <div
          class="fm-flexbox-item fm-grid-item"
          style="width:33.333333333333336%;padding-right:auto"
        >
          <div
            class="fm-grid column-num-3 fm-grid-item-content"
            style="padding:0"
          >
            <div
              style="display:flex;align-items:center;justify-content:center;height:100%"
            >
              <img
                alt=""
                src="https://img.yzcdn.cn/vant/apple-3.jpg"
                style="width:100%;height:80px"
              />
            </div>
          </div>
        </div>
      </div>
    </div>
    <div
      class="sub-title"
    >
      正方形内容
    </div>
    <div
      class="fm-grid fm-grid-square fm-grid-line"
      style="padding-left:0"
    >
      <div
        class="fm-flexbox fm-flexbox-justify-center fm-flexbox-align-stretch"
        style="margin-top:0"
      >
        <div
          class="fm-flexbox-item fm-grid-item"
          style="width:25%;padding-right:auto"
        >
          <div
            class="fm-grid column-num-4 fm-grid-item-content"
          >
            <img
              class="fm-grid-icon"
              src="https://gw.alipayobjects.com/zos/rmsportal/nywPmnTAvTmLusPxHPSu.png"
            />
            <div
              class="fm-grid-text"
            >
              name0
            </div>
          </div>
        </div>
        <div
          class="fm-flexbox-item fm-grid-item"
          style="width:25%;padding-right:auto"
        >
          <div
            class="fm-grid column-num-4 fm-grid-item-content"
          >
            <img
              class="fm-grid-icon"
              src="https://gw.alipayobjects.com/zos/rmsportal/nywPmnTAvTmLusPxHPSu.png"
            />
            <div
              class="fm-grid-text"
            >
              name1
            </div>
          </div>
        </div>
        <div
          class="fm-flexbox-item fm-grid-item"
          style="width:25%;padding-right:auto"
        >
          <div
            class="fm-grid column-num-4 fm-grid-item-content"
          >
            <img
              class="fm-grid-icon"
              src="https://gw.alipayobjects.com/zos/rmsportal/nywPmnTAvTmLusPxHPSu.png"
            />
            <div
              class="fm-grid-text"
            >
              name2
            </div>
          </div>
        </div>
        <div
          class="fm-flexbox-item fm-grid-item"
          style="width:25%;padding-right:auto"
        >
          <div
            class="fm-grid column-num-4 fm-grid-item-content"
          >
            <img
              class="fm-grid-icon"
              src="https://gw.alipayobjects.com/zos/rmsportal/nywPmnTAvTmLusPxHPSu.png"
            />
            <div
              class="fm-grid-text"
            >
              name3
            </div>
          </div>
        </div>
      </div>
      <div
        class="fm-flexbox fm-flexbox-justify-center fm-flexbox-align-stretch"
        style="margin-top:0"
      >
        <div
          class="fm-flexbox-item fm-grid-item"
          style="width:25%;padding-right:auto"
        >
          <div
            class="fm-grid column-num-4 fm-grid-item-content"
          >
            <img
              class="fm-grid-icon"
              src="https://gw.alipayobjects.com/zos/rmsportal/nywPmnTAvTmLusPxHPSu.png"
            />
            <div
              class="fm-grid-text"
            >
              name4
            </div>
          </div>
        </div>
        <div
          class="fm-flexbox-item fm-grid-item"
          style="width:25%;padding-right:auto"
        >
          <div
            class="fm-grid column-num-4 fm-grid-item-content"
          >
            <img
              class="fm-grid-icon"
              src="https://gw.alipayobjects.com/zos/rmsportal/nywPmnTAvTmLusPxHPSu.png"
            />
            <div
              class="fm-grid-text"
            >
              name5
            </div>
          </div>
        </div>
        <div
          class="fm-flexbox-item fm-grid-item"
          style="width:25%;padding-right:auto"
        >
          <div
            class="fm-grid column-num-4 fm-grid-item-content"
          >
            <img
              class="fm-grid-icon"
              src="https://gw.alipayobjects.com/zos/rmsportal/nywPmnTAvTmLusPxHPSu.png"
            />
            <div
              class="fm-grid-text"
            >
              name6
            </div>
          </div>
        </div>
        <div
          class="fm-flexbox-item fm-grid-item"
          style="width:25%;padding-right:auto"
        >
          <div
            class="fm-grid column-num-4 fm-grid-item-content"
          >
            <img
              class="fm-grid-icon"
              src="https://gw.alipayobjects.com/zos/rmsportal/nywPmnTAvTmLusPxHPSu.png"
            />
            <div
              class="fm-grid-text"
            >
              name7
            </div>
          </div>
        </div>
      </div>
      <div
        class="fm-flexbox fm-flexbox-justify-center fm-flexbox-align-stretch"
        style="margin-top:0"
      >
        <div
          class="fm-flexbox-item fm-grid-item"
          style="width:25%;padding-right:auto"
        >
          <div
            class="fm-grid column-num-4 fm-grid-item-content"
          >
            <img
              class="fm-grid-icon"
              src="https://gw.alipayobjects.com/zos/rmsportal/nywPmnTAvTmLusPxHPSu.png"
            />
            <div
              class="fm-grid-text"
            >
              name8
            </div>
          </div>
        </div>
        <div
          class="fm-flexbox-item fm-grid-item fm-grid-null-item"
          style="width:25%;padding-right:auto"
        />
        <div
          class="fm-flexbox-item fm-grid-item fm-grid-null-item"
          style="width:25%;padding-right:auto"
        />
        <div
          class="fm-flexbox-item fm-grid-item fm-grid-null-item"
          style="width:25%;padding-right:auto"
        />
      </div>
    </div>
    <div
      class="sub-title"
    >
      无边框
    </div>
    <div
      class="fm-grid"
      style="padding-left:0"
    >
      <div
        class="fm-flexbox fm-flexbox-justify-center fm-flexbox-align-stretch"
        style="margin-top:0"
      >
        <div
          class="fm-flexbox-item fm-grid-item"
          style="width:25%;padding-right:auto"
        >
          <div
            class="fm-grid column-num-4 fm-grid-item-content"
          >
            <img
              class="fm-grid-icon"
              src="https://gw.alipayobjects.com/zos/rmsportal/nywPmnTAvTmLusPxHPSu.png"
            />
            <div
              class="fm-grid-text"
            >
              name0
            </div>
          </div>
        </div>
        <div
          class="fm-flexbox-item fm-grid-item"
          style="width:25%;padding-right:auto"
        >
          <div
            class="fm-grid column-num-4 fm-grid-item-content"
          >
            <img
              class="fm-grid-icon"
              src="https://gw.alipayobjects.com/zos/rmsportal/nywPmnTAvTmLusPxHPSu.png"
            />
            <div
              class="fm-grid-text"
            >
              name1
            </div>
          </div>
        </div>
        <div
          class="fm-flexbox-item fm-grid-item"
          style="width:25%;padding-right:auto"
        >
          <div
            class="fm-grid column-num-4 fm-grid-item-content"
          >
            <img
              class="fm-grid-icon"
              src="https://gw.alipayobjects.com/zos/rmsportal/nywPmnTAvTmLusPxHPSu.png"
            />
            <div
              class="fm-grid-text"
            >
              name2
            </div>
          </div>
        </div>
        <div
          class="fm-flexbox-item fm-grid-item"
          style="width:25%;padding-right:auto"
        >
          <div
            class="fm-grid column-num-4 fm-grid-item-content"
          >
            <img
              class="fm-grid-icon"
              src="https://gw.alipayobjects.com/zos/rmsportal/nywPmnTAvTmLusPxHPSu.png"
            />
            <div
              class="fm-grid-text"
            >
              name3
            </div>
          </div>
        </div>
      </div>
      <div
        class="fm-flexbox fm-flexbox-justify-center fm-flexbox-align-stretch"
        style="margin-top:0"
      >
        <div
          class="fm-flexbox-item fm-grid-item"
          style="width:25%;padding-right:auto"
        >
          <div
            class="fm-grid column-num-4 fm-grid-item-content"
          >
            <img
              class="fm-grid-icon"
              src="https://gw.alipayobjects.com/zos/rmsportal/nywPmnTAvTmLusPxHPSu.png"
            />
            <div
              class="fm-grid-text"
            >
              name4
            </div>
          </div>
        </div>
        <div
          class="fm-flexbox-item fm-grid-item"
          style="width:25%;padding-right:auto"
        >
          <div
            class="fm-grid column-num-4 fm-grid-item-content"
          >
            <img
              class="fm-grid-icon"
              src="https://gw.alipayobjects.com/zos/rmsportal/nywPmnTAvTmLusPxHPSu.png"
            />
            <div
              class="fm-grid-text"
            >
              name5
            </div>
          </div>
        </div>
        <div
          class="fm-flexbox-item fm-grid-item"
          style="width:25%;padding-right:auto"
        >
          <div
            class="fm-grid column-num-4 fm-grid-item-content"
          >
            <img
              class="fm-grid-icon"
              src="https://gw.alipayobjects.com/zos/rmsportal/nywPmnTAvTmLusPxHPSu.png"
            />
            <div
              class="fm-grid-text"
            >
              name6
            </div>
          </div>
        </div>
        <div
          class="fm-flexbox-item fm-grid-item"
          style="width:25%;padding-right:auto"
        >
          <div
            class="fm-grid column-num-4 fm-grid-item-content"
          >
            <img
              class="fm-grid-icon"
              src="https://gw.alipayobjects.com/zos/rmsportal/nywPmnTAvTmLusPxHPSu.png"
            />
            <div
              class="fm-grid-text"
            >
              name7
            </div>
          </div>
        </div>
      </div>
      <div
        class="fm-flexbox fm-flexbox-justify-center fm-flexbox-align-stretch"
        style="margin-top:0"
      >
        <div
          class="fm-flexbox-item fm-grid-item"
          style="width:25%;padding-right:auto"
        >
          <div
            class="fm-grid column-num-4 fm-grid-item-content"
          >
            <img
              class="fm-grid-icon"
              src="https://gw.alipayobjects.com/zos/rmsportal/nywPmnTAvTmLusPxHPSu.png"
            />
            <div
              class="fm-grid-text"
            >
              name8
            </div>
          </div>
        </div>
        <div
          class="fm-flexbox-item fm-grid-item fm-grid-null-item"
          style="width:25%;padding-right:auto"
        />
        <div
          class="fm-flexbox-item fm-grid-item fm-grid-null-item"
          style="width:25%;padding-right:auto"
        />
        <div
          class="fm-flexbox-item fm-grid-item fm-grid-null-item"
          style="width:25%;padding-right:auto"
        />
      </div>
    </div>
    <div
      class="sub-title"
    >
      格子间距
    </div>
    <div
      class="fm-grid"
      style="padding-left:16px"
    >
      <div
        class="fm-flexbox fm-flexbox-justify-center fm-flexbox-align-stretch"
        style="margin-top:0"
      >
        <div
          class="fm-flexbox-item fm-grid-item"
          style="width:33.333333333333336%;padding-right:16px"
        >
          <div
            class="fm-grid column-num-3 fm-grid-item-content fm-grid-item-content__border"
          >
            <img
              class="fm-grid-icon"
              src="https://gw.alipayobjects.com/zos/rmsportal/nywPmnTAvTmLusPxHPSu.png"
            />
            <div
              class="fm-grid-text"
            >
              name0
            </div>
          </div>
        </div>
        <div
          class="fm-flexbox-item fm-grid-item"
          style="width:33.333333333333336%;padding-right:16px"
        >
          <div
            class="fm-grid column-num-3 fm-grid-item-content fm-grid-item-content__border"
          >
            <img
              class="fm-grid-icon"
              src="https://gw.alipayobjects.com/zos/rmsportal/nywPmnTAvTmLusPxHPSu.png"
            />
            <div
              class="fm-grid-text"
            >
              name1
            </div>
          </div>
        </div>
        <div
          class="fm-flexbox-item fm-grid-item"
          style="width:33.333333333333336%;padding-right:16px"
        >
          <div
            class="fm-grid column-num-3 fm-grid-item-content fm-grid-item-content__border"
          >
            <img
              class="fm-grid-icon"
              src="https://gw.alipayobjects.com/zos/rmsportal/nywPmnTAvTmLusPxHPSu.png"
            />
            <div
              class="fm-grid-text"
            >
              name2
            </div>
          </div>
        </div>
      </div>
      <div
        class="fm-flexbox fm-flexbox-justify-center fm-flexbox-align-stretch"
        style="margin-top:16px"
      >
        <div
          class="fm-flexbox-item fm-grid-item"
          style="width:33.333333333333336%;padding-right:16px"
        >
          <div
            class="fm-grid column-num-3 fm-grid-item-content fm-grid-item-content__border"
          >
            <img
              class="fm-grid-icon"
              src="https://gw.alipayobjects.com/zos/rmsportal/nywPmnTAvTmLusPxHPSu.png"
            />
            <div
              class="fm-grid-text"
            >
              name3
            </div>
          </div>
        </div>
        <div
          class="fm-flexbox-item fm-grid-item"
          style="width:33.333333333333336%;padding-right:16px"
        >
          <div
            class="fm-grid column-num-3 fm-grid-item-content fm-grid-item-content__border"
          >
            <img
              class="fm-grid-icon"
              src="https://gw.alipayobjects.com/zos/rmsportal/nywPmnTAvTmLusPxHPSu.png"
            />
            <div
              class="fm-grid-text"
            >
              name4
            </div>
          </div>
        </div>
        <div
          class="fm-flexbox-item fm-grid-item"
          style="width:33.333333333333336%;padding-right:16px"
        >
          <div
            class="fm-grid column-num-3 fm-grid-item-content fm-grid-item-content__border"
          >
            <img
              class="fm-grid-icon"
              src="https://gw.alipayobjects.com/zos/rmsportal/nywPmnTAvTmLusPxHPSu.png"
            />
            <div
              class="fm-grid-text"
            >
              name5
            </div>
          </div>
        </div>
      </div>
      <div
        class="fm-flexbox fm-flexbox-justify-center fm-flexbox-align-stretch"
        style="margin-top:16px"
      >
        <div
          class="fm-flexbox-item fm-grid-item"
          style="width:33.333333333333336%;padding-right:16px"
        >
          <div
            class="fm-grid column-num-3 fm-grid-item-content fm-grid-item-content__border"
          >
            <img
              class="fm-grid-icon"
              src="https://gw.alipayobjects.com/zos/rmsportal/nywPmnTAvTmLusPxHPSu.png"
            />
            <div
              class="fm-grid-text"
            >
              name6
            </div>
          </div>
        </div>
        <div
          class="fm-flexbox-item fm-grid-item"
          style="width:33.333333333333336%;padding-right:16px"
        >
          <div
            class="fm-grid column-num-3 fm-grid-item-content fm-grid-item-content__border"
          >
            <img
              class="fm-grid-icon"
              src="https://gw.alipayobjects.com/zos/rmsportal/nywPmnTAvTmLusPxHPSu.png"
            />
            <div
              class="fm-grid-text"
            >
              name7
            </div>
          </div>
        </div>
        <div
          class="fm-flexbox-item fm-grid-item"
          style="width:33.333333333333336%;padding-right:16px"
        >
          <div
            class="fm-grid column-num-3 fm-grid-item-content fm-grid-item-content__border"
          >
            <img
              class="fm-grid-icon"
              src="https://gw.alipayobjects.com/zos/rmsportal/nywPmnTAvTmLusPxHPSu.png"
            />
            <div
              class="fm-grid-text"
            >
              name8
            </div>
          </div>
        </div>
      </div>
    </div>
    <div
      class="sub-title"
    >
      格子间距 + 正方形
    </div>
    <div
      class="fm-grid fm-grid-square"
      style="padding-left:16px"
    >
      <div
        class="fm-flexbox fm-flexbox-justify-center fm-flexbox-align-stretch"
        style="margin-top:0"
      >
        <div
          class="fm-flexbox-item fm-grid-item"
          style="width:33.333333333333336%;padding-right:auto"
        >
          <div
            class="fm-grid column-num-3 fm-grid-item-content fm-grid-item-content__border"
            style="right:16px;bottom:16px;height:auto;width:auto"
          >
            <img
              class="fm-grid-icon"
              src="https://gw.alipayobjects.com/zos/rmsportal/nywPmnTAvTmLusPxHPSu.png"
            />
            <div
              class="fm-grid-text"
            >
              name0
            </div>
          </div>
        </div>
        <div
          class="fm-flexbox-item fm-grid-item"
          style="width:33.333333333333336%;padding-right:auto"
        >
          <div
            class="fm-grid column-num-3 fm-grid-item-content fm-grid-item-content__border"
            style="right:16px;bottom:16px;height:auto;width:auto"
          >
            <img
              class="fm-grid-icon"
              src="https://gw.alipayobjects.com/zos/rmsportal/nywPmnTAvTmLusPxHPSu.png"
            />
            <div
              class="fm-grid-text"
            >
              name1
            </div>
          </div>
        </div>
        <div
          class="fm-flexbox-item fm-grid-item"
          style="width:33.333333333333336%;padding-right:auto"
        >
          <div
            class="fm-grid column-num-3 fm-grid-item-content fm-grid-item-content__border"
            style="right:16px;bottom:16px;height:auto;width:auto"
          >
            <img
              class="fm-grid-icon"
              src="https://gw.alipayobjects.com/zos/rmsportal/nywPmnTAvTmLusPxHPSu.png"
            />
            <div
              class="fm-grid-text"
            >
              name2
            </div>
          </div>
        </div>
      </div>
      <div
        class="fm-flexbox fm-flexbox-justify-center fm-flexbox-align-stretch"
        style="margin-top:0"
      >
        <div
          class="fm-flexbox-item fm-grid-item"
          style="width:33.333333333333336%;padding-right:auto"
        >
          <div
            class="fm-grid column-num-3 fm-grid-item-content fm-grid-item-content__border"
            style="right:16px;bottom:16px;height:auto;width:auto"
          >
            <img
              class="fm-grid-icon"
              src="https://gw.alipayobjects.com/zos/rmsportal/nywPmnTAvTmLusPxHPSu.png"
            />
            <div
              class="fm-grid-text"
            >
              name3
            </div>
          </div>
        </div>
        <div
          class="fm-flexbox-item fm-grid-item"
          style="width:33.333333333333336%;padding-right:auto"
        >
          <div
            class="fm-grid column-num-3 fm-grid-item-content fm-grid-item-content__border"
            style="right:16px;bottom:16px;height:auto;width:auto"
          >
            <img
              class="fm-grid-icon"
              src="https://gw.alipayobjects.com/zos/rmsportal/nywPmnTAvTmLusPxHPSu.png"
            />
            <div
              class="fm-grid-text"
            >
              name4
            </div>
          </div>
        </div>
        <div
          class="fm-flexbox-item fm-grid-item"
          style="width:33.333333333333336%;padding-right:auto"
        >
          <div
            class="fm-grid column-num-3 fm-grid-item-content fm-grid-item-content__border"
            style="right:16px;bottom:16px;height:auto;width:auto"
          >
            <img
              class="fm-grid-icon"
              src="https://gw.alipayobjects.com/zos/rmsportal/nywPmnTAvTmLusPxHPSu.png"
            />
            <div
              class="fm-grid-text"
            >
              name5
            </div>
          </div>
        </div>
      </div>
      <div
        class="fm-flexbox fm-flexbox-justify-center fm-flexbox-align-stretch"
        style="margin-top:0"
      >
        <div
          class="fm-flexbox-item fm-grid-item"
          style="width:33.333333333333336%;padding-right:auto"
        >
          <div
            class="fm-grid column-num-3 fm-grid-item-content fm-grid-item-content__border"
            style="right:16px;bottom:16px;height:auto;width:auto"
          >
            <img
              class="fm-grid-icon"
              src="https://gw.alipayobjects.com/zos/rmsportal/nywPmnTAvTmLusPxHPSu.png"
            />
            <div
              class="fm-grid-text"
            >
              name6
            </div>
          </div>
        </div>
        <div
          class="fm-flexbox-item fm-grid-item"
          style="width:33.333333333333336%;padding-right:auto"
        >
          <div
            class="fm-grid column-num-3 fm-grid-item-content fm-grid-item-content__border"
            style="right:16px;bottom:16px;height:auto;width:auto"
          >
            <img
              class="fm-grid-icon"
              src="https://gw.alipayobjects.com/zos/rmsportal/nywPmnTAvTmLusPxHPSu.png"
            />
            <div
              class="fm-grid-text"
            >
              name7
            </div>
          </div>
        </div>
        <div
          class="fm-flexbox-item fm-grid-item"
          style="width:33.333333333333336%;padding-right:auto"
        >
          <div
            class="fm-grid column-num-3 fm-grid-item-content fm-grid-item-content__border"
            style="right:16px;bottom:16px;height:auto;width:auto"
          >
            <img
              class="fm-grid-icon"
              src="https://gw.alipayobjects.com/zos/rmsportal/nywPmnTAvTmLusPxHPSu.png"
            />
            <div
              class="fm-grid-text"
            >
              name8
            </div>
          </div>
        </div>
      </div>
    </div>
    <div
      class="sub-title"
    >
      自定义背景
    </div>
    <div
      class="fm-grid fm-grid-line"
      style="padding-left:0"
    >
      <div
        class="fm-flexbox fm-flexbox-justify-center fm-flexbox-align-stretch"
        style="margin-top:0"
      >
        <div
          class="fm-flexbox-item fm-grid-item"
          style="width:33.333333333333336%;padding-right:auto"
        >
          <div
            class="fm-grid column-num-3 fm-grid-item-content"
            style="background:#337EFF"
          >
            <img
              class="fm-grid-icon"
              src="https://gw.alipayobjects.com/zos/rmsportal/nywPmnTAvTmLusPxHPSu.png"
            />
            <div
              class="fm-grid-text"
            >
              name0
            </div>
          </div>
        </div>
        <div
          class="fm-flexbox-item fm-grid-item"
          style="width:33.333333333333336%;padding-right:auto"
        >
          <div
            class="fm-grid column-num-3 fm-grid-item-content"
            style="background:#337EFF"
          >
            <img
              class="fm-grid-icon"
              src="https://gw.alipayobjects.com/zos/rmsportal/nywPmnTAvTmLusPxHPSu.png"
            />
            <div
              class="fm-grid-text"
            >
              name1
            </div>
          </div>
        </div>
        <div
          class="fm-flexbox-item fm-grid-item"
          style="width:33.333333333333336%;padding-right:auto"
        >
          <div
            class="fm-grid column-num-3 fm-grid-item-content"
            style="background:#337EFF"
          >
            <img
              class="fm-grid-icon"
              src="https://gw.alipayobjects.com/zos/rmsportal/nywPmnTAvTmLusPxHPSu.png"
            />
            <div
              class="fm-grid-text"
            >
              name2
            </div>
          </div>
        </div>
      </div>
      <div
        class="fm-flexbox fm-flexbox-justify-center fm-flexbox-align-stretch"
        style="margin-top:0"
      >
        <div
          class="fm-flexbox-item fm-grid-item"
          style="width:33.333333333333336%;padding-right:auto"
        >
          <div
            class="fm-grid column-num-3 fm-grid-item-content"
            style="background:#337EFF"
          >
            <img
              class="fm-grid-icon"
              src="https://gw.alipayobjects.com/zos/rmsportal/nywPmnTAvTmLusPxHPSu.png"
            />
            <div
              class="fm-grid-text"
            >
              name3
            </div>
          </div>
        </div>
        <div
          class="fm-flexbox-item fm-grid-item"
          style="width:33.333333333333336%;padding-right:auto"
        >
          <div
            class="fm-grid column-num-3 fm-grid-item-content"
            style="background:#337EFF"
          >
            <img
              class="fm-grid-icon"
              src="https://gw.alipayobjects.com/zos/rmsportal/nywPmnTAvTmLusPxHPSu.png"
            />
            <div
              class="fm-grid-text"
            >
              name4
            </div>
          </div>
        </div>
        <div
          class="fm-flexbox-item fm-grid-item"
          style="width:33.333333333333336%;padding-right:auto"
        >
          <div
            class="fm-grid column-num-3 fm-grid-item-content"
            style="background:#337EFF"
          >
            <img
              class="fm-grid-icon"
              src="https://gw.alipayobjects.com/zos/rmsportal/nywPmnTAvTmLusPxHPSu.png"
            />
            <div
              class="fm-grid-text"
            >
              name5
            </div>
          </div>
        </div>
      </div>
      <div
        class="fm-flexbox fm-flexbox-justify-center fm-flexbox-align-stretch"
        style="margin-top:0"
      >
        <div
          class="fm-flexbox-item fm-grid-item"
          style="width:33.333333333333336%;padding-right:auto"
        >
          <div
            class="fm-grid column-num-3 fm-grid-item-content"
            style="background:#337EFF"
          >
            <img
              class="fm-grid-icon"
              src="https://gw.alipayobjects.com/zos/rmsportal/nywPmnTAvTmLusPxHPSu.png"
            />
            <div
              class="fm-grid-text"
            >
              name6
            </div>
          </div>
        </div>
        <div
          class="fm-flexbox-item fm-grid-item"
          style="width:33.333333333333336%;padding-right:auto"
        >
          <div
            class="fm-grid column-num-3 fm-grid-item-content"
            style="background:#337EFF"
          >
            <img
              class="fm-grid-icon"
              src="https://gw.alipayobjects.com/zos/rmsportal/nywPmnTAvTmLusPxHPSu.png"
            />
            <div
              class="fm-grid-text"
            >
              name7
            </div>
          </div>
        </div>
        <div
          class="fm-flexbox-item fm-grid-item"
          style="width:33.333333333333336%;padding-right:auto"
        >
          <div
            class="fm-grid column-num-3 fm-grid-item-content"
            style="background:#337EFF"
          >
            <img
              class="fm-grid-icon"
              src="https://gw.alipayobjects.com/zos/rmsportal/nywPmnTAvTmLusPxHPSu.png"
            />
            <div
              class="fm-grid-text"
            >
              name8
            </div>
          </div>
        </div>
      </div>
    </div>
  </div>
</div>
`;
